Archive member included to satisfy reference by file (symbol)

E:/ST/STM32CubeIDE_1.14.1/STM32CubeIDE/plugins/com.st.stm32cube.ide.mcu.externaltools.gnu-tools-for-stm32.12.3.rel1.win32_1.0.100.202403111256/tools/bin/../lib/gcc/arm-none-eabi/12.3.1/../../../../arm-none-eabi/lib/thumb/v7e-m+fp/hard\libc_nano.a(libc_a-exit.o)
                              E:/ST/STM32CubeIDE_1.14.1/STM32CubeIDE/plugins/com.st.stm32cube.ide.mcu.externaltools.gnu-tools-for-stm32.12.3.rel1.win32_1.0.100.202403111256/tools/bin/../lib/gcc/arm-none-eabi/12.3.1/../../../../arm-none-eabi/lib/thumb/v7e-m+fp/hard/crt0.o (exit)
E:/ST/STM32CubeIDE_1.14.1/STM32CubeIDE/plugins/com.st.stm32cube.ide.mcu.externaltools.gnu-tools-for-stm32.12.3.rel1.win32_1.0.100.202403111256/tools/bin/../lib/gcc/arm-none-eabi/12.3.1/../../../../arm-none-eabi/lib/thumb/v7e-m+fp/hard\libc_nano.a(libc_a-findfp.o)
                              E:/ST/STM32CubeIDE_1.14.1/STM32CubeIDE/plugins/com.st.stm32cube.ide.mcu.externaltools.gnu-tools-for-stm32.12.3.rel1.win32_1.0.100.202403111256/tools/bin/../lib/gcc/arm-none-eabi/12.3.1/../../../../arm-none-eabi/lib/thumb/v7e-m+fp/hard\libc_nano.a(libc_a-exit.o) (__stdio_exit_handler)
E:/ST/STM32CubeIDE_1.14.1/STM32CubeIDE/plugins/com.st.stm32cube.ide.mcu.externaltools.gnu-tools-for-stm32.12.3.rel1.win32_1.0.100.202403111256/tools/bin/../lib/gcc/arm-none-eabi/12.3.1/../../../../arm-none-eabi/lib/thumb/v7e-m+fp/hard\libc_nano.a(libc_a-fwalk.o)
                              E:/ST/STM32CubeIDE_1.14.1/STM32CubeIDE/plugins/com.st.stm32cube.ide.mcu.externaltools.gnu-tools-for-stm32.12.3.rel1.win32_1.0.100.202403111256/tools/bin/../lib/gcc/arm-none-eabi/12.3.1/../../../../arm-none-eabi/lib/thumb/v7e-m+fp/hard\libc_nano.a(libc_a-findfp.o) (_fwalk_sglue)
E:/ST/STM32CubeIDE_1.14.1/STM32CubeIDE/plugins/com.st.stm32cube.ide.mcu.externaltools.gnu-tools-for-stm32.12.3.rel1.win32_1.0.100.202403111256/tools/bin/../lib/gcc/arm-none-eabi/12.3.1/../../../../arm-none-eabi/lib/thumb/v7e-m+fp/hard\libc_nano.a(libc_a-stdio.o)
                              E:/ST/STM32CubeIDE_1.14.1/STM32CubeIDE/plugins/com.st.stm32cube.ide.mcu.externaltools.gnu-tools-for-stm32.12.3.rel1.win32_1.0.100.202403111256/tools/bin/../lib/gcc/arm-none-eabi/12.3.1/../../../../arm-none-eabi/lib/thumb/v7e-m+fp/hard\libc_nano.a(libc_a-findfp.o) (__sread)
E:/ST/STM32CubeIDE_1.14.1/STM32CubeIDE/plugins/com.st.stm32cube.ide.mcu.externaltools.gnu-tools-for-stm32.12.3.rel1.win32_1.0.100.202403111256/tools/bin/../lib/gcc/arm-none-eabi/12.3.1/../../../../arm-none-eabi/lib/thumb/v7e-m+fp/hard\libc_nano.a(libc_a-memset.o)
                              E:/ST/STM32CubeIDE_1.14.1/STM32CubeIDE/plugins/com.st.stm32cube.ide.mcu.externaltools.gnu-tools-for-stm32.12.3.rel1.win32_1.0.100.202403111256/tools/bin/../lib/gcc/arm-none-eabi/12.3.1/../../../../arm-none-eabi/lib/thumb/v7e-m+fp/hard/crt0.o (memset)
E:/ST/STM32CubeIDE_1.14.1/STM32CubeIDE/plugins/com.st.stm32cube.ide.mcu.externaltools.gnu-tools-for-stm32.12.3.rel1.win32_1.0.100.202403111256/tools/bin/../lib/gcc/arm-none-eabi/12.3.1/../../../../arm-none-eabi/lib/thumb/v7e-m+fp/hard\libc_nano.a(libc_a-closer.o)
                              E:/ST/STM32CubeIDE_1.14.1/STM32CubeIDE/plugins/com.st.stm32cube.ide.mcu.externaltools.gnu-tools-for-stm32.12.3.rel1.win32_1.0.100.202403111256/tools/bin/../lib/gcc/arm-none-eabi/12.3.1/../../../../arm-none-eabi/lib/thumb/v7e-m+fp/hard\libc_nano.a(libc_a-stdio.o) (_close_r)
E:/ST/STM32CubeIDE_1.14.1/STM32CubeIDE/plugins/com.st.stm32cube.ide.mcu.externaltools.gnu-tools-for-stm32.12.3.rel1.win32_1.0.100.202403111256/tools/bin/../lib/gcc/arm-none-eabi/12.3.1/../../../../arm-none-eabi/lib/thumb/v7e-m+fp/hard\libc_nano.a(libc_a-reent.o)
                              E:/ST/STM32CubeIDE_1.14.1/STM32CubeIDE/plugins/com.st.stm32cube.ide.mcu.externaltools.gnu-tools-for-stm32.12.3.rel1.win32_1.0.100.202403111256/tools/bin/../lib/gcc/arm-none-eabi/12.3.1/../../../../arm-none-eabi/lib/thumb/v7e-m+fp/hard\libc_nano.a(libc_a-closer.o) (errno)
E:/ST/STM32CubeIDE_1.14.1/STM32CubeIDE/plugins/com.st.stm32cube.ide.mcu.externaltools.gnu-tools-for-stm32.12.3.rel1.win32_1.0.100.202403111256/tools/bin/../lib/gcc/arm-none-eabi/12.3.1/../../../../arm-none-eabi/lib/thumb/v7e-m+fp/hard\libc_nano.a(libc_a-impure.o)
                              E:/ST/STM32CubeIDE_1.14.1/STM32CubeIDE/plugins/com.st.stm32cube.ide.mcu.externaltools.gnu-tools-for-stm32.12.3.rel1.win32_1.0.100.202403111256/tools/bin/../lib/gcc/arm-none-eabi/12.3.1/../../../../arm-none-eabi/lib/thumb/v7e-m+fp/hard\libc_nano.a(libc_a-reent.o) (_impure_ptr)
E:/ST/STM32CubeIDE_1.14.1/STM32CubeIDE/plugins/com.st.stm32cube.ide.mcu.externaltools.gnu-tools-for-stm32.12.3.rel1.win32_1.0.100.202403111256/tools/bin/../lib/gcc/arm-none-eabi/12.3.1/../../../../arm-none-eabi/lib/thumb/v7e-m+fp/hard\libc_nano.a(libc_a-lseekr.o)
[...]
Memory Configuration

Name             Origin             Length             Attributes
RAM              0x20000000         0x00010000         xrw
RAM2             0x10000000         0x00004000         xrw
FLASH            0x08000000         0x00040000         xr
*default*        0x00000000         0xffffffff

Linker script and memory map

LOAD E:/ST/STM32CubeIDE_1.14.1/STM32CubeIDE/plugins/com.st.stm32cube.ide.mcu.externaltools.gnu-tools-for-stm32.12.3.rel1.win32_1.0.100.202403111256/tools/bin/../lib/gcc/arm-none-eabi/12.3.1/thumb/v7e-m+fp/hard/crti.o
LOAD E:/ST/STM32CubeIDE_1.14.1/STM32CubeIDE/plugins/com.st.stm32cube.ide.mcu.externaltools.gnu-tools-for-stm32.12.3.rel1.win32_1.0.100.202403111256/tools/bin/../lib/gcc/arm-none-eabi/12.3.1/thumb/v7e-m+fp/hard/crtbegin.o
LOAD E:/ST/STM32CubeIDE_1.14.1/STM32CubeIDE/plugins/com.st.stm32cube.ide.mcu.externaltools.gnu-tools-for-stm32.12.3.rel1.win32_1.0.100.202403111256/tools/bin/../lib/gcc/arm-none-eabi/12.3.1/../../../../arm-none-eabi/lib/thumb/v7e-m+fp/hard/crt0.o
LOAD ./Core/Src/dma.o
LOAD ./Core/Src/freertos.o
LOAD ./Core/Src/gpio.o
LOAD ./Core/Src/i2c.o
LOAD ./Core/Src/main.o
LOAD ./Core/Src/spi.o
LOAD ./Core/Src/stm32l4xx_it.o
LOAD ./Core/Src/syscalls.o
LOAD ./Core/Src/sysmem.o
LOAD ./Core/Src/system_stm32l4xx.o
LOAD ./Core/Src/test_tof.o
LOAD ./Core/Src/usart.o
LOAD ./Core/Startup/startup_stm32l431cctx.o
LOAD ./Drivers/Athena_deck_HAL/src/i2c_drv.o
LOAD ./Drivers/Athena_deck_HAL/src/spi_drv.o
LOAD ./Drivers/BSP/Components/TCA6408A/src/tca6408a.o
LOAD ./Drivers/BSP/Components/VL53L5CX_ULD_API/src/platform.o
LOAD ./Drivers/BSP/Components/VL53L5CX_ULD_API/src/vl53l5cx_api.o
LOAD ./Drivers/BSP/Components/VL53L5CX_ULD_API/src/vl53l5cx_plugin_detection_thresholds.o
LOAD ./Drivers/BSP/Components/VL53L5CX_ULD_API/src/vl53l5cx_plugin_motion_indicator.o
LOAD ./Drivers/BSP/Components/VL53L5CX_ULD_API/src/vl53l5cx_plugin_xtalk.o
LOAD ./Drivers/STM32L4xx_HAL_Driver/Src/stm32l4xx_ll_dma.o
LOAD ./Drivers/STM32L4xx_HAL_Driver/Src/stm32l4xx_ll_exti.o
LOAD ./Drivers/STM32L4xx_HAL_Driver/Src/stm32l4xx_ll_gpio.o
LOAD ./Drivers/STM32L4xx_HAL_Driver/Src/stm32l4xx_ll_i2c.o
LOAD ./Drivers/STM32L4xx_HAL_Driver/Src/stm32l4xx_ll_pwr.o
LOAD ./Drivers/STM32L4xx_HAL_Driver/Src/stm32l4xx_ll_rcc.o
LOAD ./Drivers/STM32L4xx_HAL_Driver/Src/stm32l4xx_ll_spi.o
LOAD ./Drivers/STM32L4xx_HAL_Driver/Src/stm32l4xx_ll_usart.o
LOAD ./Drivers/STM32L4xx_HAL_Driver/Src/stm32l4xx_ll_utils.o
LOAD ./Middlewares/Third_Party/FreeRTOS/Source/CMSIS_RTOS_V2/cmsis_os2.o
LOAD ./Middlewares/Third_Party/FreeRTOS/Source/croutine.o
LOAD ./Middlewares/Third_Party/FreeRTOS/Source/event_groups.o
LOAD ./Middlewares/Third_Party/FreeRTOS/Source/list.o
LOAD ./Middlewares/Third_Party/FreeRTOS/Source/queue.o
LOAD ./Middlewares/Third_Party/FreeRTOS/Source/stream_buffer.o
LOAD ./Middlewares/Third_Party/FreeRTOS/Source/tasks.o
LOAD ./Middlewares/Third_Party/FreeRTOS/Source/timers.o
LOAD ./Middlewares/Third_Party/FreeRTOS/Source/portable/GCC/ARM_CM4F/port.o
LOAD ./Middlewares/Third_Party/FreeRTOS/Source/portable/MemMang/heap_4.o
START GROUP
LOAD E:/ST/STM32CubeIDE_1.14.1/STM32CubeIDE/plugins/com.st.stm32cube.ide.mcu.externaltools.gnu-tools-for-stm32.12.3.rel1.win32_1.0.100.202403111256/tools/bin/../lib/gcc/arm-none-eabi/12.3.1/../../../../arm-none-eabi/lib/thumb/v7e-m+fp/hard\libc_nano.a
LOAD E:/ST/STM32CubeIDE_1.14.1/STM32CubeIDE/plugins/com.st.stm32cube.ide.mcu.externaltools.gnu-tools-for-stm32.12.3.rel1.win32_1.0.100.202403111256/tools/bin/../lib/gcc/arm-none-eabi/12.3.1/../../../../arm-none-eabi/lib/thumb/v7e-m+fp/hard\libm.a
END GROUP
START GROUP
LOAD E:/ST/STM32CubeIDE_1.14.1/STM32CubeIDE/plugins/com.st.stm32cube.ide.mcu.externaltools.gnu-tools-for-stm32.12.3.rel1.win32_1.0.100.202403111256/tools/bin/../lib/gcc/arm-none-eabi/12.3.1/thumb/v7e-m+fp/hard\libgcc.a
LOAD E:/ST/STM32CubeIDE_1.14.1/STM32CubeIDE/plugins/com.st.stm32cube.ide.mcu.externaltools.gnu-tools-for-stm32.12.3.rel1.win32_1.0.100.202403111256/tools/bin/../lib/gcc/arm-none-eabi/12.3.1/../../../../arm-none-eabi/lib/thumb/v7e-m+fp/hard\libc_nano.a
END GROUP
START GROUP
LOAD E:/ST/STM32CubeIDE_1.14.1/STM32CubeIDE/plugins/com.st.stm32cube.ide.mcu.externaltools.gnu-tools-for-stm32.12.3.rel1.win32_1.0.100.202403111256/tools/bin/../lib/gcc/arm-none-eabi/12.3.1/thumb/v7e-m+fp/hard\libgcc.a
LOAD E:/ST/STM32CubeIDE_1.14.1/STM32CubeIDE/plugins/com.st.stm32cube.ide.mcu.externaltools.gnu-tools-for-stm32.12.3.rel1.win32_1.0.100.202403111256/tools/bin/../lib/gcc/arm-none-eabi/12.3.1/../../../../arm-none-eabi/lib/thumb/v7e-m+fp/hard\libc_nano.a
LOAD E:/ST/STM32CubeIDE_1.14.1/STM32CubeIDE/plugins/com.st.stm32cube.ide.mcu.externaltools.gnu-tools-for-stm32.12.3.rel1.win32_1.0.100.202403111256/tools/bin/../lib/gcc/arm-none-eabi/12.3.1/../../../../arm-none-eabi/lib/thumb/v7e-m+fp/hard\libnosys.a
END GROUP
START GROUP
LOAD E:/ST/STM32CubeIDE_1.14.1/STM32CubeIDE/plugins/com.st.stm32cube.ide.mcu.externaltools.gnu-tools-for-stm32.12.3.rel1.win32_1.0.100.202403111256/tools/bin/../lib/gcc/arm-none-eabi/12.3.1/thumb/v7e-m+fp/hard\libgcc.a
LOAD E:/ST/STM32CubeIDE_1.14.1/STM32CubeIDE/plugins/com.st.stm32cube.ide.mcu.externaltools.gnu-tools-for-stm32.12.3.rel1.win32_1.0.100.202403111256/tools/bin/../lib/gcc/arm-none-eabi/12.3.1/../../../../arm-none-eabi/lib/thumb/v7e-m+fp/hard\libc_nano.a
LOAD E:/ST/STM32CubeIDE_1.14.1/STM32CubeIDE/plugins/com.st.stm32cube.ide.mcu.externaltools.gnu-tools-for-stm32.12.3.rel1.win32_1.0.100.202403111256/tools/bin/../lib/gcc/arm-none-eabi/12.3.1/../../../../arm-none-eabi/lib/thumb/v7e-m+fp/hard\libnosys.a
END GROUP
LOAD E:/ST/STM32CubeIDE_1.14.1/STM32CubeIDE/plugins/com.st.stm32cube.ide.mcu.externaltools.gnu-tools-for-stm32.12.3.rel1.win32_1.0.100.202403111256/tools/bin/../lib/gcc/arm-none-eabi/12.3.1/thumb/v7e-m+fp/hard/crtend.o
LOAD E:/ST/STM32CubeIDE_1.14.1/STM32CubeIDE/plugins/com.st.stm32cube.ide.mcu.externaltools.gnu-tools-for-stm32.12.3.rel1.win32_1.0.100.202403111256/tools/bin/../lib/gcc/arm-none-eabi/12.3.1/thumb/v7e-m+fp/hard/crtn.o
                0x20010000                        _estack = (ORIGIN (RAM) + LENGTH (RAM))
                0x00000200                        _Min_Heap_Size = 0x200
                0x00000400                        _Min_Stack_Size = 0x400

.isr_vector     0x08000000      0x18c
                0x08000000                        . = ALIGN (0x4)
 *(.isr_vector)
 .isr_vector    0x08000000      0x18c ./Core/Startup/startup_stm32l431cctx.o
                0x08000000                g_pfnVectors
                0x0800018c                        . = ALIGN (0x4)

.text           0x08000190     0x8284
                0x08000190                        . = ALIGN (0x4)
 *(.text)
 .text          0x08000190       0x40 E:/ST/STM32CubeIDE_1.14.1/STM32CubeIDE/plugins/com.st.stm32cube.ide.mcu.externaltools.gnu-tools-for-stm32.12.3.rel1.win32_1.0.100.202403111256/tools/bin/../lib/gcc/arm-none-eabi/12.3.1/thumb/v7e-m+fp/hard/crtbegin.o
 *(.text*)
 .text.__NVIC_GetPriorityGrouping
                0x080001d0       0x1c ./Core/Src/dma.o
 .text.__NVIC_EnableIRQ
                0x080001ec       0x3c ./Core/Src/dma.o
 .text.__NVIC_SetPriority
                0x08000228       0x54 ./Core/Src/dma.o
 .text.NVIC_EncodePriority
                0x0800027c       0x66 ./Core/Src/dma.o
 *fill*         0x080002e2        0x2 
 .text.LL_AHB1_GRP1_EnableClock
                0x080002e4       0x30 ./Core/Src/dma.o
 .text.MX_DMA_Init
                0x08000314       0xd4 ./Core/Src/dma.o
                0x08000314                MX_DMA_Init
 .text.LL_GPIO_TogglePin
                0x080003e8       0x32 ./Core/Src/freertos.o
 *fill*         0x0800041a        0x2 
 .text.MX_FREERTOS_Init
                0x0800041c       0x24 ./Core/Src/freertos.o
                0x0800041c                MX_FREERTOS_Init
 .text.StartDefaultTask
                0x08000440       0x40 ./Core/Src/freertos.o
                0x08000440                StartDefaultTask
 .text.LL_AHB2_GRP1_EnableClock
                0x08000480       0x30 ./Core/Src/gpio.o
 .text.LL_GPIO_SetOutputPin
                0x080004b0       0x1c ./Core/Src/gpio.o
 .text.LL_GPIO_ResetOutputPin
                0x080004cc       0x1c ./Core/Src/gpio.o
 .text.MX_GPIO_Init
                0x080004e8       0xb0 ./Core/Src/gpio.o
                0x080004e8                MX_GPIO_Init
 .text.__NVIC_GetPriorityGrouping
                0x08000598       0x1c ./Core/Src/i2c.o
 .text.__NVIC_EnableIRQ
                0x080005b4       0x3c ./Core/Src/i2c.o
 .text.__NVIC_SetPriority
                0x080005f0       0x54 ./Core/Src/i2c.o
 .text.NVIC_EncodePriority
                0x08000644       0x66 ./Core/Src/i2c.o
 *fill*         0x080006aa        0x2 
 .text.LL_DMA_SetDataTransferDirection
                0x080006ac       0x50 ./Core/Src/i2c.o
 .text.LL_DMA_SetMode
                0x080006fc       0x4c ./Core/Src/i2c.o
 .text.LL_DMA_SetPeriphIncMode
                0x08000748       0x4c ./Core/Src/i2c.o
 .text.LL_DMA_SetMemoryIncMode
                0x08000794       0x4c ./Core/Src/i2c.o
 .text.LL_DMA_SetPeriphSize
                0x080007e0       0x4c ./Core/Src/i2c.o
 .text.LL_DMA_SetMemorySize
                0x0800082c       0x4c ./Core/Src/i2c.o
 .text.LL_DMA_SetChannelPriorityLevel
                0x08000878       0x4c ./Core/Src/i2c.o
 .text.LL_DMA_SetPeriphRequest
                0x080008c4       0x64 ./Core/Src/i2c.o
 .text.LL_I2C_EnableClockStretching
                0x08000928       0x20 ./Core/Src/i2c.o
 .text.LL_I2C_EnableGeneralCall
                0x08000948       0x20 ./Core/Src/i2c.o
 .text.LL_I2C_SetOwnAddress2
                0x08000968       0x30 ./Core/Src/i2c.o
 .text.LL_I2C_DisableOwnAddress2
                0x08000998       0x20 ./Core/Src/i2c.o
 .text.LL_I2C_EnableAutoEndMode
                0x080009b8       0x20 ./Core/Src/i2c.o
 .text.LL_RCC_SetI2CClockSource
                0x080009d8       0x50 ./Core/Src/i2c.o
 .text.LL_AHB2_GRP1_EnableClock
                0x08000a28       0x30 ./Core/Src/i2c.o
 .text.LL_APB1_GRP1_EnableClock
                0x08000a58       0x30 ./Core/Src/i2c.o
 .text.MX_I2C1_Init
                0x08000a88      0x1ac ./Core/Src/i2c.o
                0x08000a88                MX_I2C1_Init
 .text.__NVIC_SetPriorityGrouping
                0x08000c34       0x48 ./Core/Src/main.o
 .text.__NVIC_GetPriorityGrouping
                0x08000c7c       0x1c ./Core/Src/main.o
 .text.__NVIC_SetPriority
                0x08000c98       0x54 ./Core/Src/main.o
 .text.NVIC_EncodePriority
                0x08000cec       0x66 ./Core/Src/main.o
 *fill*         0x08000d52        0x2 
 .text.LL_RCC_HSE_Enable
                0x08000d54       0x20 ./Core/Src/main.o
 .text.LL_RCC_HSE_IsReady
                0x08000d74       0x28 ./Core/Src/main.o
 .text.LL_RCC_SetSysClkSource
                0x08000d9c       0x28 ./Core/Src/main.o
 .text.LL_RCC_GetSysClkSource
                0x08000dc4       0x1c ./Core/Src/main.o
 .text.LL_RCC_SetAHBPrescaler
                0x08000de0       0x28 ./Core/Src/main.o
 .text.LL_RCC_SetAPB1Prescaler
                0x08000e08       0x28 ./Core/Src/main.o
 .text.LL_RCC_SetAPB2Prescaler
                0x08000e30       0x28 ./Core/Src/main.o
 .text.LL_RCC_PLL_Enable
                0x08000e58       0x20 ./Core/Src/main.o
 .text.LL_RCC_PLL_IsReady
                0x08000e78       0x28 ./Core/Src/main.o
 .text.LL_RCC_PLL_ConfigDomain_SYS
                0x08000ea0       0x40 ./Core/Src/main.o
 .text.LL_RCC_PLL_EnableDomain_SYS
                0x08000ee0       0x20 ./Core/Src/main.o
 .text.LL_APB1_GRP1_EnableClock
                0x08000f00       0x30 ./Core/Src/main.o
 .text.LL_APB2_GRP1_EnableClock
                0x08000f30       0x30 ./Core/Src/main.o
 .text.LL_FLASH_SetLatency
                0x08000f60       0x28 ./Core/Src/main.o
 .text.LL_FLASH_GetLatency
                0x08000f88       0x1c ./Core/Src/main.o
 .text.LL_PWR_SetRegulVoltageScaling
                0x08000fa4       0x28 ./Core/Src/main.o
 .text.LL_PWR_IsActiveFlag_VOS
                0x08000fcc       0x28 ./Core/Src/main.o
 .text.main     0x08000ff4       0x84 ./Core/Src/main.o
                0x08000ff4                main
 .text.SystemClock_Config
                0x08001078       0x94 ./Core/Src/main.o
                0x08001078                SystemClock_Config
 .text.Error_Handler
                0x0800110c        0xc ./Core/Src/main.o
                0x0800110c                Error_Handler
 .text.__NVIC_GetPriorityGrouping
                0x08001118       0x1c ./Core/Src/spi.o
 .text.__NVIC_EnableIRQ
                0x08001134       0x3c ./Core/Src/spi.o
 .text.__NVIC_SetPriority
                0x08001170       0x54 ./Core/Src/spi.o
 .text.NVIC_EncodePriority
                0x080011c4       0x66 ./Core/Src/spi.o
 *fill*         0x0800122a        0x2 
 .text.LL_DMA_SetDataTransferDirection
                0x0800122c       0x50 ./Core/Src/spi.o
 .text.LL_DMA_SetMode
                0x0800127c       0x4c ./Core/Src/spi.o
 .text.LL_DMA_SetPeriphIncMode
                0x080012c8       0x4c ./Core/Src/spi.o
 .text.LL_DMA_SetMemoryIncMode
                0x08001314       0x4c ./Core/Src/spi.o
 .text.LL_DMA_SetPeriphSize
                0x08001360       0x4c ./Core/Src/spi.o
 .text.LL_DMA_SetMemorySize
                0x080013ac       0x4c ./Core/Src/spi.o
 .text.LL_DMA_SetChannelPriorityLevel
                0x080013f8       0x4c ./Core/Src/spi.o
 .text.LL_DMA_SetPeriphRequest
                0x08001444       0x64 ./Core/Src/spi.o
 .text.LL_AHB2_GRP1_EnableClock
                0x080014a8       0x30 ./Core/Src/spi.o
 .text.LL_APB1_GRP1_EnableClock
                0x080014d8       0x30 ./Core/Src/spi.o
 .text.LL_APB2_GRP1_EnableClock
                0x08001508       0x30 ./Core/Src/spi.o
 .text.LL_SPI_SetStandard
                0x08001538       0x26 ./Core/Src/spi.o
 .text.LL_SPI_EnableNSSPulseMgt
                0x0800155e       0x20 ./Core/Src/spi.o
 *fill*         0x0800157e        0x2 
 .text.MX_SPI1_Init
                0x08001580       0xac ./Core/Src/spi.o
                0x08001580                MX_SPI1_Init
 .text.MX_SPI2_Init
                0x0800162c      0x174 ./Core/Src/spi.o
                0x0800162c                MX_SPI2_Init
 .text.NMI_Handler
                0x080017a0        0x8 ./Core/Src/stm32l4xx_it.o
                0x080017a0                NMI_Handler
 .text.HardFault_Handler
                0x080017a8        0x8 ./Core/Src/stm32l4xx_it.o
                0x080017a8                HardFault_Handler
 .text.MemManage_Handler
                0x080017b0        0x8 ./Core/Src/stm32l4xx_it.o
                0x080017b0                MemManage_Handler
 .text.BusFault_Handler
                0x080017b8        0x8 ./Core/Src/stm32l4xx_it.o
                0x080017b8                BusFault_Handler
 .text.UsageFault_Handler
                0x080017c0        0x8 ./Core/Src/stm32l4xx_it.o
                0x080017c0                UsageFault_Handler
 .text.DebugMon_Handler
                0x080017c8        0xe ./Core/Src/stm32l4xx_it.o
                0x080017c8                DebugMon_Handler
 .text.SysTick_Handler
                0x080017d6       0x16 ./Core/Src/stm32l4xx_it.o
                0x080017d6                SysTick_Handler
 .text.DMA1_Channel4_IRQHandler
                0x080017ec        0xe ./Core/Src/stm32l4xx_it.o
                0x080017ec                DMA1_Channel4_IRQHandler
 .text.DMA1_Channel5_IRQHandler
                0x080017fa        0xe ./Core/Src/stm32l4xx_it.o
                0x080017fa                DMA1_Channel5_IRQHandler
 .text.DMA1_Channel6_IRQHandler
                0x08001808        0xe ./Core/Src/stm32l4xx_it.o
                0x08001808                DMA1_Channel6_IRQHandler
 .text.DMA1_Channel7_IRQHandler
                0x08001816        0xe ./Core/Src/stm32l4xx_it.o
                0x08001816                DMA1_Channel7_IRQHandler
 .text.I2C1_EV_IRQHandler
                0x08001824        0xe ./Core/Src/stm32l4xx_it.o
                0x08001824                I2C1_EV_IRQHandler
 .text.I2C1_ER_IRQHandler
                0x08001832        0xe ./Core/Src/stm32l4xx_it.o
                0x08001832                I2C1_ER_IRQHandler
 .text.SPI2_IRQHandler
                0x08001840        0xe ./Core/Src/stm32l4xx_it.o
                0x08001840                SPI2_IRQHandler
 .text.USART1_IRQHandler
                0x0800184e        0xe ./Core/Src/stm32l4xx_it.o
                0x0800184e                USART1_IRQHandler
 .text.USART2_IRQHandler
                0x0800185c        0xe ./Core/Src/stm32l4xx_it.o
                0x0800185c                USART2_IRQHandler
 .text.USART3_IRQHandler
                0x0800186a        0xe ./Core/Src/stm32l4xx_it.o
                0x0800186a                USART3_IRQHandler
 .text.DMA2_Channel6_IRQHandler
                0x08001878        0xe ./Core/Src/stm32l4xx_it.o
                0x08001878                DMA2_Channel6_IRQHandler
 .text.DMA2_Channel7_IRQHandler
                0x08001886        0xe ./Core/Src/stm32l4xx_it.o
                0x08001886                DMA2_Channel7_IRQHandler
 .text.SystemInit
                0x08001894       0x24 ./Core/Src/system_stm32l4xx.o
                0x08001894                SystemInit
 .text.config_sensors
                0x080018b8       0xc4 ./Core/Src/test_tof.o
                0x080018b8                config_sensors
 .text.initialize_sensors_I2C
                0x0800197c       0xc8 ./Core/Src/test_tof.o
                0x0800197c                initialize_sensors_I2C
 .text.get_sensor_data
                0x08001a44       0x52 ./Core/Src/test_tof.o
                0x08001a44                get_sensor_data
 *fill*         0x08001a96        0x2 
 .text.__NVIC_GetPriorityGrouping
                0x08001a98       0x1c ./Core/Src/usart.o
 .text.__NVIC_EnableIRQ
                0x08001ab4       0x3c ./Core/Src/usart.o
 .text.__NVIC_SetPriority
                0x08001af0       0x54 ./Core/Src/usart.o
 .text.NVIC_EncodePriority
                0x08001b44       0x66 ./Core/Src/usart.o
 *fill*         0x08001baa        0x2 
 .text.LL_DMA_SetDataTransferDirection
                0x08001bac       0x50 ./Core/Src/usart.o
 .text.LL_DMA_SetMode
                0x08001bfc       0x4c ./Core/Src/usart.o
 .text.LL_DMA_SetPeriphIncMode
                0x08001c48       0x4c ./Core/Src/usart.o
 .text.LL_DMA_SetMemoryIncMode
                0x08001c94       0x4c ./Core/Src/usart.o
 .text.LL_DMA_SetPeriphSize
                0x08001ce0       0x4c ./Core/Src/usart.o
 .text.LL_DMA_SetMemorySize
                0x08001d2c       0x4c ./Core/Src/usart.o
 .text.LL_DMA_SetChannelPriorityLevel
                0x08001d78       0x4c ./Core/Src/usart.o
 .text.LL_DMA_SetPeriphRequest
                0x08001dc4       0x64 ./Core/Src/usart.o
 .text.LL_RCC_SetUSARTClockSource
                0x08001e28       0x34 ./Core/Src/usart.o
 .text.LL_AHB2_GRP1_EnableClock
                0x08001e5c       0x30 ./Core/Src/usart.o
 .text.LL_APB1_GRP1_EnableClock
                0x08001e8c       0x30 ./Core/Src/usart.o
 .text.LL_APB2_GRP1_EnableClock
                0x08001ebc       0x30 ./Core/Src/usart.o
 .text.LL_USART_Enable
                0x08001eec       0x20 ./Core/Src/usart.o
 .text.LL_USART_ConfigAsyncMode
                0x08001f0c       0x2c ./Core/Src/usart.o
 .text.MX_USART1_UART_Init
                0x08001f38      0x16c ./Core/Src/usart.o
                0x08001f38                MX_USART1_UART_Init
 .text.MX_USART2_UART_Init
                0x080020a4       0xc8 ./Core/Src/usart.o
                0x080020a4                MX_USART2_UART_Init
 .text.MX_USART3_UART_Init
                0x0800216c       0xcc ./Core/Src/usart.o
                0x0800216c                MX_USART3_UART_Init
 .text.Reset_Handler
                0x08002238       0x50 ./Core/Startup/startup_stm32l431cctx.o
                0x08002238                Reset_Handler
 .text.Default_Handler
                0x08002288        0x2 ./Core/Startup/startup_stm32l431cctx.o
                0x08002288                RTC_Alarm_IRQHandler
                0x08002288                EXTI2_IRQHandler
                0x08002288                TIM1_CC_IRQHandler
                0x08002288                TSC_IRQHandler
                0x08002288                TAMP_STAMP_IRQHandler
                0x08002288                EXTI3_IRQHandler
                0x08002288                LPTIM2_IRQHandler
                0x08002288                I2C3_ER_IRQHandler
                0x08002288                EXTI0_IRQHandler
                0x08002288                I2C2_EV_IRQHandler
                0x08002288                CAN1_RX0_IRQHandler
                0x08002288                FPU_IRQHandler
                0x08002288                TIM1_UP_TIM16_IRQHandler
                0x08002288                SPI1_IRQHandler
                0x08002288                TIM6_DAC_IRQHandler
                0x08002288                DMA2_Channel2_IRQHandler
                0x08002288                ADC1_IRQHandler
                0x08002288                CAN1_RX1_IRQHandler
                0x08002288                DMA2_Channel1_IRQHandler
                0x08002288                QUADSPI_IRQHandler
                0x08002288                DMA2_Channel4_IRQHandler
                0x08002288                RCC_IRQHandler
                0x08002288                TIM1_TRG_COM_IRQHandler
                0x08002288                DMA1_Channel1_IRQHandler
                0x08002288                Default_Handler
                0x08002288                EXTI15_10_IRQHandler
                0x08002288                TIM7_IRQHandler
                0x08002288                SDMMC1_IRQHandler
                0x08002288                I2C3_EV_IRQHandler
                0x08002288                EXTI9_5_IRQHandler
                0x08002288                RTC_WKUP_IRQHandler
                0x08002288                PVD_PVM_IRQHandler
                0x08002288                CAN1_TX_IRQHandler
                0x08002288                DMA2_Channel5_IRQHandler
                0x08002288                CRS_IRQHandler
                0x08002288                EXTI4_IRQHandler
                0x08002288                RNG_IRQHandler
                0x08002288                DMA1_Channel3_IRQHandler
                0x08002288                COMP_IRQHandler
                0x08002288                WWDG_IRQHandler
                0x08002288                LPUART1_IRQHandler
                0x08002288                TIM2_IRQHandler
                0x08002288                EXTI1_IRQHandler
                0x08002288                I2C2_ER_IRQHandler
                0x08002288                DMA1_Channel2_IRQHandler
                0x08002288                CAN1_SCE_IRQHandler
                0x08002288                FLASH_IRQHandler
                0x08002288                SPI3_IRQHandler
                0x08002288                SWPMI1_IRQHandler
                0x08002288                LPTIM1_IRQHandler
                0x08002288                SAI1_IRQHandler
                0x08002288                DMA2_Channel3_IRQHandler
                0x08002288                TIM1_BRK_TIM15_IRQHandler
 .text.LL_I2C_EnableDMAReq_TX
                0x0800228a       0x20 ./Drivers/Athena_deck_HAL/src/i2c_drv.o
 .text.LL_I2C_EnableDMAReq_RX
                0x080022aa       0x20 ./Drivers/Athena_deck_HAL/src/i2c_drv.o
 .text.LL_I2C_DMA_GetRegAddr
                0x080022ca       0x2c ./Drivers/Athena_deck_HAL/src/i2c_drv.o
 .text.LL_I2C_IsActiveFlag_TXE
                0x080022f6       0x26 ./Drivers/Athena_deck_HAL/src/i2c_drv.o
 .text.LL_I2C_IsActiveFlag_STOP
                0x0800231c       0x26 ./Drivers/Athena_deck_HAL/src/i2c_drv.o
 .text.LL_I2C_IsActiveFlag_BUSY
                0x08002342       0x28 ./Drivers/Athena_deck_HAL/src/i2c_drv.o
 .text.LL_I2C_ClearFlag_STOP
                0x0800236a       0x20 ./Drivers/Athena_deck_HAL/src/i2c_drv.o
 .text.LL_I2C_ClearFlag_TXE
                0x0800238a       0x1a ./Drivers/Athena_deck_HAL/src/i2c_drv.o
 .text.LL_I2C_HandleTransfer
                0x080023a4       0x4c ./Drivers/Athena_deck_HAL/src/i2c_drv.o
 .text.LL_I2C_TransmitData8
                0x080023f0       0x1e ./Drivers/Athena_deck_HAL/src/i2c_drv.o
 *fill*         0x0800240e        0x2 
 .text.LL_DMA_EnableChannel
                0x08002410       0x44 ./Drivers/Athena_deck_HAL/src/i2c_drv.o
 .text.LL_DMA_DisableChannel
                0x08002454       0x44 ./Drivers/Athena_deck_HAL/src/i2c_drv.o
 .text.LL_DMA_SetDataLength
                0x08002498       0x4c ./Drivers/Athena_deck_HAL/src/i2c_drv.o
 .text.LL_DMA_ConfigAddresses
                0x080024e4       0x7c ./Drivers/Athena_deck_HAL/src/i2c_drv.o
 .text.LL_DMA_IsActiveFlag_TC6
                0x08002560       0x28 ./Drivers/Athena_deck_HAL/src/i2c_drv.o
 .text.LL_DMA_IsActiveFlag_TC7
                0x08002588       0x28 ./Drivers/Athena_deck_HAL/src/i2c_drv.o
 .text.i2cdevWriteReg8
                0x080025b0       0xe4 ./Drivers/Athena_deck_HAL/src/i2c_drv.o
                0x080025b0                i2cdevWriteReg8
 .text.i2cdevReadReg16
                0x08002694       0xe8 ./Drivers/Athena_deck_HAL/src/i2c_drv.o
                0x08002694                i2cdevReadReg16
 .text.i2cdevWriteReg16
                0x0800277c       0xe0 ./Drivers/Athena_deck_HAL/src/i2c_drv.o
                0x0800277c                i2cdevWriteReg16
 .text.I2C_expander_set_register
                0x0800285c       0x2c ./Drivers/BSP/Components/TCA6408A/src/tca6408a.o
                0x0800285c                I2C_expander_set_register
 .text.I2C_expander_initialize
                0x08002888       0x4c ./Drivers/BSP/Components/TCA6408A/src/tca6408a.o
                0x08002888                I2C_expander_initialize
 .text.RdByte   0x080028d4       0x38 ./Drivers/BSP/Components/VL53L5CX_ULD_API/src/platform.o
                0x080028d4                RdByte
 .text.WrByte   0x0800290c       0x40 ./Drivers/BSP/Components/VL53L5CX_ULD_API/src/platform.o
                0x0800290c                WrByte
 .text.WrMulti  0x0800294c       0x74 ./Drivers/BSP/Components/VL53L5CX_ULD_API/src/platform.o
                0x0800294c                WrMulti
 .text.RdMulti  0x080029c0       0x74 ./Drivers/BSP/Components/VL53L5CX_ULD_API/src/platform.o
                0x080029c0                RdMulti
 .text.SwapBuffer
                0x08002a34       0x6c ./Drivers/BSP/Components/VL53L5CX_ULD_API/src/platform.o
                0x08002a34                SwapBuffer
 .text.WaitMs   0x08002aa0       0x1a ./Drivers/BSP/Components/VL53L5CX_ULD_API/src/platform.o
                0x08002aa0                WaitMs
 .text._vl53l5cx_poll_for_answer
                0x08002aba       0xa0 ./Drivers/BSP/Components/VL53L5CX_ULD_API/src/vl53l5cx_api.o
 .text._vl53l5cx_poll_for_mcu_boot
                0x08002b5a       0x82 ./Drivers/BSP/Components/VL53L5CX_ULD_API/src/vl53l5cx_api.o
 .text._vl53l5cx_send_offset_data
                0x08002bdc      0x398 ./Drivers/BSP/Components/VL53L5CX_ULD_API/src/vl53l5cx_api.o
 .text._vl53l5cx_send_xtalk_data
                0x08002f74      0x298 ./Drivers/BSP/Components/VL53L5CX_ULD_API/src/vl53l5cx_api.o
 .text.vl53l5cx_is_alive
                0x0800320c       0x92 ./Drivers/BSP/Components/VL53L5CX_ULD_API/src/vl53l5cx_api.o
                0x0800320c                vl53l5cx_is_alive
 *fill*         0x0800329e        0x2 
 .text.vl53l5cx_init
                0x080032a0      0x8d8 ./Drivers/BSP/Components/VL53L5CX_ULD_API/src/vl53l5cx_api.o
                0x080032a0                vl53l5cx_init
 .text.vl53l5cx_set_i2c_address
                0x08003b78       0x6c ./Drivers/BSP/Components/VL53L5CX_ULD_API/src/vl53l5cx_api.o
                0x08003b78                vl53l5cx_set_i2c_address
 .text.vl53l5cx_start_ranging
                0x08003be4      0x2f4 ./Drivers/BSP/Components/VL53L5CX_ULD_API/src/vl53l5cx_api.o
                0x08003be4                vl53l5cx_start_ranging
 .text.vl53l5cx_check_data_ready
                0x08003ed8       0xa0 ./Drivers/BSP/Components/VL53L5CX_ULD_API/src/vl53l5cx_api.o
                0x08003ed8                vl53l5cx_check_data_ready
 .text.vl53l5cx_get_ranging_data
                0x08003f78      0x434 ./Drivers/BSP/Components/VL53L5CX_ULD_API/src/vl53l5cx_api.o
                0x08003f78                vl53l5cx_get_ranging_data
 .text.vl53l5cx_get_resolution
                0x080043ac       0x4a ./Drivers/BSP/Components/VL53L5CX_ULD_API/src/vl53l5cx_api.o
                0x080043ac                vl53l5cx_get_resolution
 .text.vl53l5cx_set_resolution
                0x080043f6      0x1a8 ./Drivers/BSP/Components/VL53L5CX_ULD_API/src/vl53l5cx_api.o
                0x080043f6                vl53l5cx_set_resolution
 .text.vl53l5cx_set_ranging_frequency_hz
                0x0800459e       0x42 ./Drivers/BSP/Components/VL53L5CX_ULD_API/src/vl53l5cx_api.o
                0x0800459e                vl53l5cx_set_ranging_frequency_hz
 .text.vl53l5cx_set_target_order
                0x080045e0       0x58 ./Drivers/BSP/Components/VL53L5CX_ULD_API/src/vl53l5cx_api.o
                0x080045e0                vl53l5cx_set_target_order
 .text.vl53l5cx_set_ranging_mode
                0x08004638       0xae ./Drivers/BSP/Components/VL53L5CX_ULD_API/src/vl53l5cx_api.o
                0x08004638                vl53l5cx_set_ranging_mode
 *fill*         0x080046e6        0x2 
 .text.vl53l5cx_dci_read_data
                0x080046e8      0x114 ./Drivers/BSP/Components/VL53L5CX_ULD_API/src/vl53l5cx_api.o
                0x080046e8                vl53l5cx_dci_read_data
 .text.vl53l5cx_dci_write_data
                0x080047fc      0x13c ./Drivers/BSP/Components/VL53L5CX_ULD_API/src/vl53l5cx_api.o
                0x080047fc                vl53l5cx_dci_write_data
 .text.vl53l5cx_dci_replace_data
                0x08004938       0x58 ./Drivers/BSP/Components/VL53L5CX_ULD_API/src/vl53l5cx_api.o
                0x08004938                vl53l5cx_dci_replace_data
 .text.LL_GPIO_SetPinMode
                0x08004990       0x7a ./Drivers/STM32L4xx_HAL_Driver/Src/stm32l4xx_ll_gpio.o
 .text.LL_GPIO_SetPinOutputType
                0x08004a0a       0x30 ./Drivers/STM32L4xx_HAL_Driver/Src/stm32l4xx_ll_gpio.o
 .text.LL_GPIO_SetPinSpeed
                0x08004a3a       0x7a ./Drivers/STM32L4xx_HAL_Driver/Src/stm32l4xx_ll_gpio.o
 .text.LL_GPIO_SetPinPull
                0x08004ab4       0x7a ./Drivers/STM32L4xx_HAL_Driver/Src/stm32l4xx_ll_gpio.o
 .text.LL_GPIO_SetAFPin_0_7
                0x08004b2e       0x7a ./Drivers/STM32L4xx_HAL_Driver/Src/stm32l4xx_ll_gpio.o
 .text.LL_GPIO_SetAFPin_8_15
                0x08004ba8       0x7e ./Drivers/STM32L4xx_HAL_Driver/Src/stm32l4xx_ll_gpio.o
 .text.LL_GPIO_Init
                0x08004c26       0xdc ./Drivers/STM32L4xx_HAL_Driver/Src/stm32l4xx_ll_gpio.o
                0x08004c26                LL_GPIO_Init
 .text.LL_I2C_Enable
                0x08004d02       0x20 ./Drivers/STM32L4xx_HAL_Driver/Src/stm32l4xx_ll_i2c.o
 .text.LL_I2C_Disable
                0x08004d22       0x20 ./Drivers/STM32L4xx_HAL_Driver/Src/stm32l4xx_ll_i2c.o
 .text.LL_I2C_ConfigFilters
                0x08004d42       0x2e ./Drivers/STM32L4xx_HAL_Driver/Src/stm32l4xx_ll_i2c.o
 .text.LL_I2C_SetOwnAddress1
                0x08004d70       0x30 ./Drivers/STM32L4xx_HAL_Driver/Src/stm32l4xx_ll_i2c.o
 .text.LL_I2C_EnableOwnAddress1
                0x08004da0       0x20 ./Drivers/STM32L4xx_HAL_Driver/Src/stm32l4xx_ll_i2c.o
 .text.LL_I2C_DisableOwnAddress1
                0x08004dc0       0x20 ./Drivers/STM32L4xx_HAL_Driver/Src/stm32l4xx_ll_i2c.o
 .text.LL_I2C_SetTiming
                0x08004de0       0x1c ./Drivers/STM32L4xx_HAL_Driver/Src/stm32l4xx_ll_i2c.o
 .text.LL_I2C_SetMode
                0x08004dfc       0x26 ./Drivers/STM32L4xx_HAL_Driver/Src/stm32l4xx_ll_i2c.o
 .text.LL_I2C_AcknowledgeNextData
                0x08004e22       0x26 ./Drivers/STM32L4xx_HAL_Driver/Src/stm32l4xx_ll_i2c.o
 .text.LL_I2C_Init
                0x08004e48       0x78 ./Drivers/STM32L4xx_HAL_Driver/Src/stm32l4xx_ll_i2c.o
                0x08004e48                LL_I2C_Init
 .text.LL_RCC_HSI_IsReady
                0x08004ec0       0x28 ./Drivers/STM32L4xx_HAL_Driver/Src/stm32l4xx_ll_rcc.o
 .text.LL_RCC_LSE_IsReady
                0x08004ee8       0x28 ./Drivers/STM32L4xx_HAL_Driver/Src/stm32l4xx_ll_rcc.o
 .text.LL_RCC_MSI_IsEnabledRangeSelect
                0x08004f10       0x24 ./Drivers/STM32L4xx_HAL_Driver/Src/stm32l4xx_ll_rcc.o
 .text.LL_RCC_MSI_GetRange
                0x08004f34       0x1c ./Drivers/STM32L4xx_HAL_Driver/Src/stm32l4xx_ll_rcc.o
 .text.LL_RCC_MSI_GetRangeAfterStandby
                0x08004f50       0x1c ./Drivers/STM32L4xx_HAL_Driver/Src/stm32l4xx_ll_rcc.o
 .text.LL_RCC_GetSysClkSource
                0x08004f6c       0x1c ./Drivers/STM32L4xx_HAL_Driver/Src/stm32l4xx_ll_rcc.o
 .text.LL_RCC_GetAHBPrescaler
                0x08004f88       0x1c ./Drivers/STM32L4xx_HAL_Driver/Src/stm32l4xx_ll_rcc.o
 .text.LL_RCC_GetAPB1Prescaler
                0x08004fa4       0x1c ./Drivers/STM32L4xx_HAL_Driver/Src/stm32l4xx_ll_rcc.o
 .text.LL_RCC_GetAPB2Prescaler
                0x08004fc0       0x1c ./Drivers/STM32L4xx_HAL_Driver/Src/stm32l4xx_ll_rcc.o
 .text.LL_RCC_GetUSARTClockSource
                0x08004fdc       0x28 ./Drivers/STM32L4xx_HAL_Driver/Src/stm32l4xx_ll_rcc.o
 .text.LL_RCC_PLL_GetMainSource
                0x08005004       0x1c ./Drivers/STM32L4xx_HAL_Driver/Src/stm32l4xx_ll_rcc.o
 .text.LL_RCC_PLL_GetN
                0x08005020       0x1c ./Drivers/STM32L4xx_HAL_Driver/Src/stm32l4xx_ll_rcc.o
 .text.LL_RCC_PLL_GetR
                0x0800503c       0x1c ./Drivers/STM32L4xx_HAL_Driver/Src/stm32l4xx_ll_rcc.o
 .text.LL_RCC_PLL_GetDivider
                0x08005058       0x1c ./Drivers/STM32L4xx_HAL_Driver/Src/stm32l4xx_ll_rcc.o
 .text.LL_RCC_GetUSARTClockFreq
                0x08005074      0x1c4 ./Drivers/STM32L4xx_HAL_Driver/Src/stm32l4xx_ll_rcc.o
                0x08005074                LL_RCC_GetUSARTClockFreq
 .text.RCC_GetSystemClockFreq
                0x08005238      0x120 ./Drivers/STM32L4xx_HAL_Driver/Src/stm32l4xx_ll_rcc.o
 .text.RCC_GetHCLKClockFreq
                0x08005358       0x2c ./Drivers/STM32L4xx_HAL_Driver/Src/stm32l4xx_ll_rcc.o
 .text.RCC_GetPCLK1ClockFreq
                0x08005384       0x28 ./Drivers/STM32L4xx_HAL_Driver/Src/stm32l4xx_ll_rcc.o
 .text.RCC_GetPCLK2ClockFreq
                0x080053ac       0x28 ./Drivers/STM32L4xx_HAL_Driver/Src/stm32l4xx_ll_rcc.o
 .text.RCC_PLL_GetFreqDomain_SYS
                0x080053d4      0x118 ./Drivers/STM32L4xx_HAL_Driver/Src/stm32l4xx_ll_rcc.o
 .text.LL_SPI_IsEnabled
                0x080054ec       0x26 ./Drivers/STM32L4xx_HAL_Driver/Src/stm32l4xx_ll_spi.o
 .text.LL_SPI_SetRxFIFOThreshold
                0x08005512       0x26 ./Drivers/STM32L4xx_HAL_Driver/Src/stm32l4xx_ll_spi.o
 .text.LL_SPI_SetCRCPolynomial
                0x08005538       0x20 ./Drivers/STM32L4xx_HAL_Driver/Src/stm32l4xx_ll_spi.o
 .text.LL_SPI_Init
                0x08005558       0xb0 ./Drivers/STM32L4xx_HAL_Driver/Src/stm32l4xx_ll_spi.o
                0x08005558                LL_SPI_Init
 .text.LL_USART_IsEnabled
                0x08005608       0x26 ./Drivers/STM32L4xx_HAL_Driver/Src/stm32l4xx_ll_usart.o
 .text.LL_USART_SetStopBitsLength
                0x0800562e       0x26 ./Drivers/STM32L4xx_HAL_Driver/Src/stm32l4xx_ll_usart.o
 .text.LL_USART_SetHWFlowCtrl
                0x08005654       0x26 ./Drivers/STM32L4xx_HAL_Driver/Src/stm32l4xx_ll_usart.o
 .text.LL_USART_SetBaudRate
                0x0800567a       0x6e ./Drivers/STM32L4xx_HAL_Driver/Src/stm32l4xx_ll_usart.o
 .text.LL_USART_Init
                0x080056e8       0xcc ./Drivers/STM32L4xx_HAL_Driver/Src/stm32l4xx_ll_usart.o
                0x080056e8                LL_USART_Init
 .text.LL_InitTick
                0x080057b4       0x34 ./Drivers/STM32L4xx_HAL_Driver/Src/stm32l4xx_ll_utils.o
 .text.LL_Init1msTick
                0x080057e8       0x1a ./Drivers/STM32L4xx_HAL_Driver/Src/stm32l4xx_ll_utils.o
                0x080057e8                LL_Init1msTick
 *fill*         0x08005802        0x2 
 .text.LL_SetSystemCoreClock
                0x08005804       0x20 ./Drivers/STM32L4xx_HAL_Driver/Src/stm32l4xx_ll_utils.o
                0x08005804                LL_SetSystemCoreClock
 .text.__NVIC_SetPriority
                0x08005824       0x54 ./Middlewares/Third_Party/FreeRTOS/Source/CMSIS_RTOS_V2/cmsis_os2.o
 .text.SVC_Setup
                0x08005878       0x12 ./Middlewares/Third_Party/FreeRTOS/Source/CMSIS_RTOS_V2/cmsis_os2.o
 *fill*         0x0800588a        0x2 
 .text.osKernelInitialize
                0x0800588c       0x48 ./Middlewares/Third_Party/FreeRTOS/Source/CMSIS_RTOS_V2/cmsis_os2.o
                0x0800588c                osKernelInitialize
 .text.osKernelStart
                0x080058d4       0x4c ./Middlewares/Third_Party/FreeRTOS/Source/CMSIS_RTOS_V2/cmsis_os2.o
                0x080058d4                osKernelStart
 .text.osThreadNew
                0x08005920      0x124 ./Middlewares/Third_Party/FreeRTOS/Source/CMSIS_RTOS_V2/cmsis_os2.o
                0x08005920                osThreadNew
 .text.osDelay  0x08005a44       0x36 ./Middlewares/Third_Party/FreeRTOS/Source/CMSIS_RTOS_V2/cmsis_os2.o
                0x08005a44                osDelay
 *fill*         0x08005a7a        0x2 
 .text.vApplicationGetIdleTaskMemory
                0x08005a7c       0x34 ./Middlewares/Third_Party/FreeRTOS/Source/CMSIS_RTOS_V2/cmsis_os2.o
                0x08005a7c                vApplicationGetIdleTaskMemory
 .text.vApplicationGetTimerTaskMemory
                0x08005ab0       0x34 ./Middlewares/Third_Party/FreeRTOS/Source/CMSIS_RTOS_V2/cmsis_os2.o
                0x08005ab0                vApplicationGetTimerTaskMemory
 .text.vListInitialise
                0x08005ae4       0x40 ./Middlewares/Third_Party/FreeRTOS/Source/list.o
                0x08005ae4                vListInitialise
 .text.vListInitialiseItem
                0x08005b24       0x1a ./Middlewares/Third_Party/FreeRTOS/Source/list.o
                0x08005b24                vListInitialiseItem
 .text.vListInsertEnd
                0x08005b3e       0x48 ./Middlewares/Third_Party/FreeRTOS/Source/list.o
                0x08005b3e                vListInsertEnd
 .text.vListInsert
                0x08005b86       0x72 ./Middlewares/Third_Party/FreeRTOS/Source/list.o
                0x08005b86                vListInsert
 .text.uxListRemove
                0x08005bf8       0x54 ./Middlewares/Third_Party/FreeRTOS/Source/list.o
                0x08005bf8                uxListRemove
 .text.xQueueGenericReset
                0x08005c4c       0xd4 ./Middlewares/Third_Party/FreeRTOS/Source/queue.o
                0x08005c4c                xQueueGenericReset
 .text.xQueueGenericCreateStatic
                0x08005d20       0xfa ./Middlewares/Third_Party/FreeRTOS/Source/queue.o
                0x08005d20                xQueueGenericCreateStatic
 .text.prvInitialiseNewQueue
                0x08005e1a       0x46 ./Middlewares/Third_Party/FreeRTOS/Source/queue.o
 .text.xQueueGenericSend
                0x08005e60      0x204 ./Middlewares/Third_Party/FreeRTOS/Source/queue.o
                0x08005e60                xQueueGenericSend
 .text.xQueueGenericSendFromISR
                0x08006064      0x13c ./Middlewares/Third_Party/FreeRTOS/Source/queue.o
                0x08006064                xQueueGenericSendFromISR
 .text.xQueueReceive
                0x080061a0      0x1c4 ./Middlewares/Third_Party/FreeRTOS/Source/queue.o
                0x080061a0                xQueueReceive
 .text.prvCopyDataToQueue
                0x08006364       0xd4 ./Middlewares/Third_Party/FreeRTOS/Source/queue.o
 .text.prvCopyDataFromQueue
                0x08006438       0x4c ./Middlewares/Third_Party/FreeRTOS/Source/queue.o
 .text.prvUnlockQueue
                0x08006484       0xa4 ./Middlewares/Third_Party/FreeRTOS/Source/queue.o
 .text.prvIsQueueEmpty
                0x08006528       0x2c ./Middlewares/Third_Party/FreeRTOS/Source/queue.o
 .text.prvIsQueueFull
                0x08006554       0x30 ./Middlewares/Third_Party/FreeRTOS/Source/queue.o
 .text.vQueueAddToRegistry
                0x08006584       0x54 ./Middlewares/Third_Party/FreeRTOS/Source/queue.o
                0x08006584                vQueueAddToRegistry
 .text.vQueueWaitForMessageRestricted
                0x080065d8       0x68 ./Middlewares/Third_Party/FreeRTOS/Source/queue.o
                0x080065d8                vQueueWaitForMessageRestricted
 .text.xTaskCreateStatic
                0x08006640       0xc0 ./Middlewares/Third_Party/FreeRTOS/Source/tasks.o
                0x08006640                xTaskCreateStatic
 .text.xTaskCreate
                0x08006700       0x8a ./Middlewares/Third_Party/FreeRTOS/Source/tasks.o
                0x08006700                xTaskCreate
 .text.prvInitialiseNewTask
                0x0800678a      0x120 ./Middlewares/Third_Party/FreeRTOS/Source/tasks.o
 *fill*         0x080068aa        0x2 
 .text.prvAddNewTaskToReadyList
                0x080068ac       0xe0 ./Middlewares/Third_Party/FreeRTOS/Source/tasks.o
 .text.vTaskDelay
                0x0800698c       0x6c ./Middlewares/Third_Party/FreeRTOS/Source/tasks.o
                0x0800698c                vTaskDelay
 .text.vTaskStartScheduler
                0x080069f8       0xd0 ./Middlewares/Third_Party/FreeRTOS/Source/tasks.o
                0x080069f8                vTaskStartScheduler
 .text.vTaskSuspendAll
                0x08006ac8       0x1c ./Middlewares/Third_Party/FreeRTOS/Source/tasks.o
                0x08006ac8                vTaskSuspendAll
 .text.xTaskResumeAll
                0x08006ae4      0x13c ./Middlewares/Third_Party/FreeRTOS/Source/tasks.o
                0x08006ae4                xTaskResumeAll
 .text.xTaskGetTickCount
                0x08006c20       0x20 ./Middlewares/Third_Party/FreeRTOS/Source/tasks.o
                0x08006c20                xTaskGetTickCount
 .text.xTaskIncrementTick
                0x08006c40      0x174 ./Middlewares/Third_Party/FreeRTOS/Source/tasks.o
                0x08006c40                xTaskIncrementTick
 .text.vTaskSwitchContext
                0x08006db4       0xbc ./Middlewares/Third_Party/FreeRTOS/Source/tasks.o
                0x08006db4                vTaskSwitchContext
 .text.vTaskPlaceOnEventList
                0x08006e70       0x4c ./Middlewares/Third_Party/FreeRTOS/Source/tasks.o
                0x08006e70                vTaskPlaceOnEventList
 .text.vTaskPlaceOnEventListRestricted
                0x08006ebc       0x58 ./Middlewares/Third_Party/FreeRTOS/Source/tasks.o
                0x08006ebc                vTaskPlaceOnEventListRestricted
 .text.xTaskRemoveFromEventList
                0x08006f14       0xc8 ./Middlewares/Third_Party/FreeRTOS/Source/tasks.o
                0x08006f14                xTaskRemoveFromEventList
 .text.vTaskInternalSetTimeOutState
                0x08006fdc       0x2c ./Middlewares/Third_Party/FreeRTOS/Source/tasks.o
                0x08006fdc                vTaskInternalSetTimeOutState
 .text.xTaskCheckForTimeOut
                0x08007008       0xc8 ./Middlewares/Third_Party/FreeRTOS/Source/tasks.o
                0x08007008                xTaskCheckForTimeOut
 .text.vTaskMissedYield
                0x080070d0       0x18 ./Middlewares/Third_Party/FreeRTOS/Source/tasks.o
                0x080070d0                vTaskMissedYield
 .text.prvIdleTask
                0x080070e8       0x30 ./Middlewares/Third_Party/FreeRTOS/Source/tasks.o
 .text.prvInitialiseTaskLists
                0x08007118       0x80 ./Middlewares/Third_Party/FreeRTOS/Source/tasks.o
 .text.prvCheckTasksWaitingTermination
                0x08007198       0x5c ./Middlewares/Third_Party/FreeRTOS/Source/tasks.o
 .text.prvDeleteTCB
                0x080071f4       0x60 ./Middlewares/Third_Party/FreeRTOS/Source/tasks.o
 .text.prvResetNextTaskUnblockTime
                0x08007254       0x40 ./Middlewares/Third_Party/FreeRTOS/Source/tasks.o
 .text.xTaskGetSchedulerState
                0x08007294       0x3c ./Middlewares/Third_Party/FreeRTOS/Source/tasks.o
                0x08007294                xTaskGetSchedulerState
 .text.xTaskPriorityDisinherit
                0x080072d0       0xe0 ./Middlewares/Third_Party/FreeRTOS/Source/tasks.o
                0x080072d0                xTaskPriorityDisinherit
 .text.prvAddCurrentTaskToDelayedList
                0x080073b0       0xa8 ./Middlewares/Third_Party/FreeRTOS/Source/tasks.o
 .text.xTimerCreateTimerTask
                0x08007458       0x94 ./Middlewares/Third_Party/FreeRTOS/Source/timers.o
                0x08007458                xTimerCreateTimerTask
 .text.xTimerGenericCommand
                0x080074ec       0x9c ./Middlewares/Third_Party/FreeRTOS/Source/timers.o
                0x080074ec                xTimerGenericCommand
 .text.prvProcessExpiredTimer
                0x08007588       0x9c ./Middlewares/Third_Party/FreeRTOS/Source/timers.o
 .text.prvTimerTask
                0x08007624       0x26 ./Middlewares/Third_Party/FreeRTOS/Source/timers.o
 *fill*         0x0800764a        0x2 
 .text.prvProcessTimerOrBlockTask
                0x0800764c       0x9c ./Middlewares/Third_Party/FreeRTOS/Source/timers.o
 .text.prvGetNextExpireTime
                0x080076e8       0x48 ./Middlewares/Third_Party/FreeRTOS/Source/timers.o
 .text.prvSampleTimeNow
                0x08007730       0x40 ./Middlewares/Third_Party/FreeRTOS/Source/timers.o
 .text.prvInsertTimerInActiveList
                0x08007770       0x84 ./Middlewares/Third_Party/FreeRTOS/Source/timers.o
 .text.prvProcessReceivedCommands
                0x080077f4      0x1cc ./Middlewares/Third_Party/FreeRTOS/Source/timers.o
 .text.prvSwitchTimerLists
                0x080079c0       0xcc ./Middlewares/Third_Party/FreeRTOS/Source/timers.o
 .text.prvCheckForValidListAndQueue
                0x08007a8c       0x80 ./Middlewares/Third_Party/FreeRTOS/Source/timers.o
 .text.pxPortInitialiseStack
                0x08007b0c       0x68 ./Middlewares/Third_Party/FreeRTOS/Source/portable/GCC/ARM_CM4F/port.o
                0x08007b0c                pxPortInitialiseStack
 .text.prvTaskExitError
                0x08007b74       0x5c ./Middlewares/Third_Party/FreeRTOS/Source/portable/GCC/ARM_CM4F/port.o
 .text.SVC_Handler
                0x08007bd0       0x28 ./Middlewares/Third_Party/FreeRTOS/Source/portable/GCC/ARM_CM4F/port.o
                0x08007bd0                SVC_Handler
 .text.prvPortStartFirstTask
                0x08007bf8       0x28 ./Middlewares/Third_Party/FreeRTOS/Source/portable/GCC/ARM_CM4F/port.o
 .text.xPortStartScheduler
                0x08007c20      0x148 ./Middlewares/Third_Party/FreeRTOS/Source/portable/GCC/ARM_CM4F/port.o
                0x08007c20                xPortStartScheduler
 .text.vPortEnterCritical
                0x08007d68       0x64 ./Middlewares/Third_Party/FreeRTOS/Source/portable/GCC/ARM_CM4F/port.o
                0x08007d68                vPortEnterCritical
 .text.vPortExitCritical
                0x08007dcc       0x54 ./Middlewares/Third_Party/FreeRTOS/Source/portable/GCC/ARM_CM4F/port.o
                0x08007dcc                vPortExitCritical
 .text.PendSV_Handler
                0x08007e20       0x68 ./Middlewares/Third_Party/FreeRTOS/Source/portable/GCC/ARM_CM4F/port.o
                0x08007e20                PendSV_Handler
 .text.xPortSysTickHandler
                0x08007e88       0x44 ./Middlewares/Third_Party/FreeRTOS/Source/portable/GCC/ARM_CM4F/port.o
                0x08007e88                xPortSysTickHandler
 .text.vPortSetupTimerInterrupt
                0x08007ecc       0x48 ./Middlewares/Third_Party/FreeRTOS/Source/portable/GCC/ARM_CM4F/port.o
                0x08007ecc                vPortSetupTimerInterrupt
 .text.vPortEnableVFP
                0x08007f14       0x14 ./Middlewares/Third_Party/FreeRTOS/Source/portable/GCC/ARM_CM4F/port.o
 .text.vPortValidateInterruptPriority
                0x08007f28       0x84 ./Middlewares/Third_Party/FreeRTOS/Source/portable/GCC/ARM_CM4F/port.o
                0x08007f28                vPortValidateInterruptPriority
 .text.pvPortMalloc
                0x08007fac      0x19c ./Middlewares/Third_Party/FreeRTOS/Source/portable/MemMang/heap_4.o
                0x08007fac                pvPortMalloc
 .text.vPortFree
                0x08008148       0xc8 ./Middlewares/Third_Party/FreeRTOS/Source/portable/MemMang/heap_4.o
                0x08008148                vPortFree
 .text.prvHeapInit
                0x08008210       0xc4 ./Middlewares/Third_Party/FreeRTOS/Source/portable/MemMang/heap_4.o
 .text.prvInsertBlockIntoFreeList
                0x080082d4       0xb4 ./Middlewares/Third_Party/FreeRTOS/Source/portable/MemMang/heap_4.o
 .text.memset   0x08008388       0x10 E:/ST/STM32CubeIDE_1.14.1/STM32CubeIDE/plugins/com.st.stm32cube.ide.mcu.externaltools.gnu-tools-for-stm32.12.3.rel1.win32_1.0.100.202403111256/tools/bin/../lib/gcc/arm-none-eabi/12.3.1/../../../../arm-none-eabi/lib/thumb/v7e-m+fp/hard\libc_nano.a(libc_a-memset.o)
                0x08008388                memset
 .text.__libc_init_array
                0x08008398       0x48 E:/ST/STM32CubeIDE_1.14.1/STM32CubeIDE/plugins/com.st.stm32cube.ide.mcu.externaltools.gnu-tools-for-stm32.12.3.rel1.win32_1.0.100.202403111256/tools/bin/../lib/gcc/arm-none-eabi/12.3.1/../../../../arm-none-eabi/lib/thumb/v7e-m+fp/hard\libc_nano.a(libc_a-init.o)
                0x08008398                __libc_init_array
 .text.memcpy   0x080083e0       0x1c E:/ST/STM32CubeIDE_1.14.1/STM32CubeIDE/plugins/com.st.stm32cube.ide.mcu.externaltools.gnu-tools-for-stm32.12.3.rel1.win32_1.0.100.202403111256/tools/bin/../lib/gcc/arm-none-eabi/12.3.1/../../../../arm-none-eabi/lib/thumb/v7e-m+fp/hard\libc_nano.a(libc_a-memcpy-stub.o)
                0x080083e0                memcpy
 *(.glue_7)
 .glue_7        0x080083fc        0x0 linker stubs
 *(.glue_7t)
 .glue_7t       0x080083fc        0x0 linker stubs
 *(.eh_frame)
 .eh_frame      0x080083fc        0x0 E:/ST/STM32CubeIDE_1.14.1/STM32CubeIDE/plugins/com.st.stm32cube.ide.mcu.externaltools.gnu-tools-for-stm32.12.3.rel1.win32_1.0.100.202403111256/tools/bin/../lib/gcc/arm-none-eabi/12.3.1/thumb/v7e-m+fp/hard/crtbegin.o
 *(.init)
 .init          0x080083fc        0x4 E:/ST/STM32CubeIDE_1.14.1/STM32CubeIDE/plugins/com.st.stm32cube.ide.mcu.externaltools.gnu-tools-for-stm32.12.3.rel1.win32_1.0.100.202403111256/tools/bin/../lib/gcc/arm-none-eabi/12.3.1/thumb/v7e-m+fp/hard/crti.o
                0x080083fc                _init
 .init          0x08008400        0x8 E:/ST/STM32CubeIDE_1.14.1/STM32CubeIDE/plugins/com.st.stm32cube.ide.mcu.externaltools.gnu-tools-for-stm32.12.3.rel1.win32_1.0.100.202403111256/tools/bin/../lib/gcc/arm-none-eabi/12.3.1/thumb/v7e-m+fp/hard/crtn.o
 *(.fini)
 .fini          0x08008408        0x4 E:/ST/STM32CubeIDE_1.14.1/STM32CubeIDE/plugins/com.st.stm32cube.ide.mcu.externaltools.gnu-tools-for-stm32.12.3.rel1.win32_1.0.100.202403111256/tools/bin/../lib/gcc/arm-none-eabi/12.3.1/thumb/v7e-m+fp/hard/crti.o
                0x08008408                _fini
 .fini          0x0800840c        0x8 E:/ST/STM32CubeIDE_1.14.1/STM32CubeIDE/plugins/com.st.stm32cube.ide.mcu.externaltools.gnu-tools-for-stm32.12.3.rel1.win32_1.0.100.202403111256/tools/bin/../lib/gcc/arm-none-eabi/12.3.1/thumb/v7e-m+fp/hard/crtn.o
                0x08008414                        . = ALIGN (0x4)
                0x08008414                        _etext = .

.vfp11_veneer   0x08008414        0x0
 .vfp11_veneer  0x08008414        0x0 linker stubs

.v4_bx          0x08008414        0x0
 .v4_bx         0x08008414        0x0 linker stubs

.iplt           0x08008414        0x0
 .iplt          0x08008414        0x0 E:/ST/STM32CubeIDE_1.14.1/STM32CubeIDE/plugins/com.st.stm32cube.ide.mcu.externaltools.gnu-tools-for-stm32.12.3.rel1.win32_1.0.100.202403111256/tools/bin/../lib/gcc/arm-none-eabi/12.3.1/thumb/v7e-m+fp/hard/crtbegin.o

.rodata         0x08008414    0x15828
                0x08008414                        . = ALIGN (0x4)
 *(.rodata)
 .rodata        0x08008414       0x1a ./Core/Src/freertos.o
 *fill*         0x0800842e        0x2 
 .rodata        0x08008430       0x6c ./Drivers/BSP/Components/VL53L5CX_ULD_API/src/vl53l5cx_api.o
 .rodata        0x0800849c        0x5 ./Middlewares/Third_Party/FreeRTOS/Source/tasks.o
 *fill*         0x080084a1        0x3 
 .rodata        0x080084a4        0xd ./Middlewares/Third_Party/FreeRTOS/Source/timers.o
 *(.rodata*)
 *fill*         0x080084b1        0x3 
 .rodata.defaultTask_attributes
                0x080084b4       0x24 ./Core/Src/freertos.o
                0x080084b4                defaultTask_attributes
 .rodata.CHANNEL_OFFSET_TAB
                0x080084d8        0x7 ./Core/Src/i2c.o
 *fill*         0x080084df        0x1 
 .rodata.CHANNEL_OFFSET_TAB
                0x080084e0        0x7 ./Core/Src/spi.o
 *fill*         0x080084e7        0x1 
 .rodata.AHBPrescTable
                0x080084e8       0x10 ./Core/Src/system_stm32l4xx.o
                0x080084e8                AHBPrescTable
 .rodata.APBPrescTable
                0x080084f8        0x8 ./Core/Src/system_stm32l4xx.o
                0x080084f8                APBPrescTable
 .rodata.MSIRangeTable
                0x08008500       0x30 ./Core/Src/system_stm32l4xx.o
                0x08008500                MSIRangeTable
 .rodata.CHANNEL_OFFSET_TAB
                0x08008530        0x7 ./Core/Src/usart.o
 *fill*         0x08008537        0x1 
 .rodata.CHANNEL_OFFSET_TAB
                0x08008538        0x7 ./Drivers/Athena_deck_HAL/src/i2c_drv.o
 *fill*         0x0800853f        0x1 
 .rodata.VL53L5CX_FIRMWARE
                0x08008540    0x15000 ./Drivers/BSP/Components/VL53L5CX_ULD_API/src/vl53l5cx_api.o
                0x08008540                VL53L5CX_FIRMWARE
 .rodata.VL53L5CX_DEFAULT_CONFIGURATION
                0x0801d540      0x3cc ./Drivers/BSP/Components/VL53L5CX_ULD_API/src/vl53l5cx_api.o
                0x0801d540                VL53L5CX_DEFAULT_CONFIGURATION
 .rodata.VL53L5CX_DEFAULT_XTALK
                0x0801d90c      0x308 ./Drivers/BSP/Components/VL53L5CX_ULD_API/src/vl53l5cx_api.o
                0x0801d90c                VL53L5CX_DEFAULT_XTALK
 .rodata.VL53L5CX_GET_NVM_CMD
                0x0801dc14       0x28 ./Drivers/BSP/Components/VL53L5CX_ULD_API/src/vl53l5cx_api.o
                0x0801dc14                VL53L5CX_GET_NVM_CMD
                0x0801dc3c                        . = ALIGN (0x4)

.ARM.extab      0x0801dc3c        0x0
                0x0801dc3c                        . = ALIGN (0x4)
 *(.ARM.extab* .gnu.linkonce.armextab.*)
                0x0801dc3c                        . = ALIGN (0x4)

.ARM            0x0801dc3c        0x0
                0x0801dc3c                        . = ALIGN (0x4)
                0x0801dc3c                        __exidx_start = .
 *(.ARM.exidx*)
                0x0801dc3c                        __exidx_end = .
                0x0801dc3c                        . = ALIGN (0x4)

.preinit_array  0x0801dc3c        0x0
                0x0801dc3c                        . = ALIGN (0x4)
                0x0801dc3c                        PROVIDE (__preinit_array_start = .)
 *(.preinit_array*)
                0x0801dc3c                        PROVIDE (__preinit_array_end = .)
                0x0801dc3c                        . = ALIGN (0x4)

.init_array     0x0801dc3c        0x4
                0x0801dc3c                        . = ALIGN (0x4)
                0x0801dc3c                        PROVIDE (__init_array_start = .)
 *(SORT_BY_NAME(.init_array.*))
 *(.init_array*)
 .init_array    0x0801dc3c        0x4 E:/ST/STM32CubeIDE_1.14.1/STM32CubeIDE/plugins/com.st.stm32cube.ide.mcu.externaltools.gnu-tools-for-stm32.12.3.rel1.win32_1.0.100.202403111256/tools/bin/../lib/gcc/arm-none-eabi/12.3.1/thumb/v7e-m+fp/hard/crtbegin.o
                0x0801dc40                        PROVIDE (__init_array_end = .)
                0x0801dc40                        . = ALIGN (0x4)

.fini_array     0x0801dc40        0x4
                0x0801dc40                        . = ALIGN (0x4)
                [!provide]                        PROVIDE (__fini_array_start = .)
 *(SORT_BY_NAME(.fini_array.*))
 *(.fini_array*)
 .fini_array    0x0801dc40        0x4 E:/ST/STM32CubeIDE_1.14.1/STM32CubeIDE/plugins/com.st.stm32cube.ide.mcu.externaltools.gnu-tools-for-stm32.12.3.rel1.win32_1.0.100.202403111256/tools/bin/../lib/gcc/arm-none-eabi/12.3.1/thumb/v7e-m+fp/hard/crtbegin.o
                [!provide]                        PROVIDE (__fini_array_end = .)
                0x0801dc44                        . = ALIGN (0x4)
                0x0801dc44                        _sidata = LOADADDR (.data)

.rel.dyn        0x0801dc44        0x0
 .rel.iplt      0x0801dc44        0x0 E:/ST/STM32CubeIDE_1.14.1/STM32CubeIDE/plugins/com.st.stm32cube.ide.mcu.externaltools.gnu-tools-for-stm32.12.3.rel1.win32_1.0.100.202403111256/tools/bin/../lib/gcc/arm-none-eabi/12.3.1/thumb/v7e-m+fp/hard/crtbegin.o

.data           0x20000000        0x8 load address 0x0801dc44
                0x20000000                        . = ALIGN (0x4)
                0x20000000                        _sdata = .
 *(.data)
 *(.data*)
 .data.SystemCoreClock
                0x20000000        0x4 ./Core/Src/system_stm32l4xx.o
                0x20000000                SystemCoreClock
 .data.uxCriticalNesting
                0x20000004        0x4 ./Middlewares/Third_Party/FreeRTOS/Source/portable/GCC/ARM_CM4F/port.o
 *(.RamFunc)
 *(.RamFunc*)
                0x20000008                        . = ALIGN (0x4)
                0x20000008                        _edata = .

.igot.plt       0x20000008        0x0 load address 0x0801dc4c
 .igot.plt      0x20000008        0x0 E:/ST/STM32CubeIDE_1.14.1/STM32CubeIDE/plugins/com.st.stm32cube.ide.mcu.externaltools.gnu-tools-for-stm32.12.3.rel1.win32_1.0.100.202403111256/tools/bin/../lib/gcc/arm-none-eabi/12.3.1/thumb/v7e-m+fp/hard/crtbegin.o
                0x20000008                        . = ALIGN (0x4)

.bss            0x20000008     0x2928 load address 0x0801dc4c
                0x20000008                        _sbss = .
                0x20000008                        __bss_start__ = _sbss
 *(.bss)
 .bss           0x20000008       0x1c E:/ST/STM32CubeIDE_1.14.1/STM32CubeIDE/plugins/com.st.stm32cube.ide.mcu.externaltools.gnu-tools-for-stm32.12.3.rel1.win32_1.0.100.202403111256/tools/bin/../lib/gcc/arm-none-eabi/12.3.1/thumb/v7e-m+fp/hard/crtbegin.o
 *(.bss*)
 .bss.vl53l5dev_f
                0x20000024      0xab0 ./Core/Src/freertos.o
 .bss.vl53l5_res_f
                0x20000ad4      0x550 ./Core/Src/freertos.o
 .bss.defaultTaskHandle
                0x20001024        0x4 ./Core/Src/freertos.o
                0x20001024                defaultTaskHandle
 .bss.KernelState
                0x20001028        0x4 ./Middlewares/Third_Party/FreeRTOS/Source/CMSIS_RTOS_V2/cmsis_os2.o
 .bss.Idle_TCB.3
                0x2000102c       0x5c ./Middlewares/Third_Party/FreeRTOS/Source/CMSIS_RTOS_V2/cmsis_os2.o
 .bss.Idle_Stack.2
                0x20001088      0x200 ./Middlewares/Third_Party/FreeRTOS/Source/CMSIS_RTOS_V2/cmsis_os2.o
 .bss.Timer_TCB.1
                0x20001288       0x5c ./Middlewares/Third_Party/FreeRTOS/Source/CMSIS_RTOS_V2/cmsis_os2.o
 .bss.Timer_Stack.0
                0x200012e4      0x400 ./Middlewares/Third_Party/FreeRTOS/Source/CMSIS_RTOS_V2/cmsis_os2.o
 .bss.xQueueRegistry
                0x200016e4       0x40 ./Middlewares/Third_Party/FreeRTOS/Source/queue.o
                0x200016e4                xQueueRegistry
 .bss.pxCurrentTCB
                0x20001724        0x4 ./Middlewares/Third_Party/FreeRTOS/Source/tasks.o
                0x20001724                pxCurrentTCB
 .bss.pxReadyTasksLists
                0x20001728      0x460 ./Middlewares/Third_Party/FreeRTOS/Source/tasks.o
 .bss.xDelayedTaskList1
                0x20001b88       0x14 ./Middlewares/Third_Party/FreeRTOS/Source/tasks.o
 .bss.xDelayedTaskList2
                0x20001b9c       0x14 ./Middlewares/Third_Party/FreeRTOS/Source/tasks.o
 .bss.pxDelayedTaskList
                0x20001bb0        0x4 ./Middlewares/Third_Party/FreeRTOS/Source/tasks.o
 .bss.pxOverflowDelayedTaskList
                0x20001bb4        0x4 ./Middlewares/Third_Party/FreeRTOS/Source/tasks.o
 .bss.xPendingReadyList
                0x20001bb8       0x14 ./Middlewares/Third_Party/FreeRTOS/Source/tasks.o
 .bss.xTasksWaitingTermination
                0x20001bcc       0x14 ./Middlewares/Third_Party/FreeRTOS/Source/tasks.o
 .bss.uxDeletedTasksWaitingCleanUp
                0x20001be0        0x4 ./Middlewares/Third_Party/FreeRTOS/Source/tasks.o
 .bss.xSuspendedTaskList
                0x20001be4       0x14 ./Middlewares/Third_Party/FreeRTOS/Source/tasks.o
 .bss.uxCurrentNumberOfTasks
                0x20001bf8        0x4 ./Middlewares/Third_Party/FreeRTOS/Source/tasks.o
 .bss.xTickCount
                0x20001bfc        0x4 ./Middlewares/Third_Party/FreeRTOS/Source/tasks.o
 .bss.uxTopReadyPriority
                0x20001c00        0x4 ./Middlewares/Third_Party/FreeRTOS/Source/tasks.o
 .bss.xSchedulerRunning
                0x20001c04        0x4 ./Middlewares/Third_Party/FreeRTOS/Source/tasks.o
 .bss.xPendedTicks
                0x20001c08        0x4 ./Middlewares/Third_Party/FreeRTOS/Source/tasks.o
 .bss.xYieldPending
                0x20001c0c        0x4 ./Middlewares/Third_Party/FreeRTOS/Source/tasks.o
 .bss.xNumOfOverflows
                0x20001c10        0x4 ./Middlewares/Third_Party/FreeRTOS/Source/tasks.o
 .bss.uxTaskNumber
                0x20001c14        0x4 ./Middlewares/Third_Party/FreeRTOS/Source/tasks.o
 .bss.xNextTaskUnblockTime
                0x20001c18        0x4 ./Middlewares/Third_Party/FreeRTOS/Source/tasks.o
 .bss.xIdleTaskHandle
                0x20001c1c        0x4 ./Middlewares/Third_Party/FreeRTOS/Source/tasks.o
 .bss.uxSchedulerSuspended
                0x20001c20        0x4 ./Middlewares/Third_Party/FreeRTOS/Source/tasks.o
 .bss.xActiveTimerList1
                0x20001c24       0x14 ./Middlewares/Third_Party/FreeRTOS/Source/timers.o
 .bss.xActiveTimerList2
                0x20001c38       0x14 ./Middlewares/Third_Party/FreeRTOS/Source/timers.o
 .bss.pxCurrentTimerList
                0x20001c4c        0x4 ./Middlewares/Third_Party/FreeRTOS/Source/timers.o
 .bss.pxOverflowTimerList
                0x20001c50        0x4 ./Middlewares/Third_Party/FreeRTOS/Source/timers.o
 .bss.xTimerQueue
                0x20001c54        0x4 ./Middlewares/Third_Party/FreeRTOS/Source/timers.o
 .bss.xTimerTaskHandle
                0x20001c58        0x4 ./Middlewares/Third_Party/FreeRTOS/Source/timers.o
 .bss.xLastTime.2
                0x20001c5c        0x4 ./Middlewares/Third_Party/FreeRTOS/Source/timers.o
 .bss.ucStaticTimerQueueStorage.1
                0x20001c60       0xa0 ./Middlewares/Third_Party/FreeRTOS/Source/timers.o
 .bss.xStaticTimerQueue.0
                0x20001d00       0x50 ./Middlewares/Third_Party/FreeRTOS/Source/timers.o
 .bss.ucMaxSysCallPriority
                0x20001d50        0x1 ./Middlewares/Third_Party/FreeRTOS/Source/portable/GCC/ARM_CM4F/port.o
 *fill*         0x20001d51        0x3 
 .bss.ulMaxPRIGROUPValue
                0x20001d54        0x4 ./Middlewares/Third_Party/FreeRTOS/Source/portable/GCC/ARM_CM4F/port.o
 .bss.ucHeap    0x20001d58      0xbb8 ./Middlewares/Third_Party/FreeRTOS/Source/portable/MemMang/heap_4.o
 .bss.xStart    0x20002910        0x8 ./Middlewares/Third_Party/FreeRTOS/Source/portable/MemMang/heap_4.o
 .bss.pxEnd     0x20002918        0x4 ./Middlewares/Third_Party/FreeRTOS/Source/portable/MemMang/heap_4.o
 .bss.xFreeBytesRemaining
                0x2000291c        0x4 ./Middlewares/Third_Party/FreeRTOS/Source/portable/MemMang/heap_4.o
 .bss.xMinimumEverFreeBytesRemaining
                0x20002920        0x4 ./Middlewares/Third_Party/FreeRTOS/Source/portable/MemMang/heap_4.o
 .bss.xNumberOfSuccessfulAllocations
                0x20002924        0x4 ./Middlewares/Third_Party/FreeRTOS/Source/portable/MemMang/heap_4.o
 .bss.xNumberOfSuccessfulFrees
                0x20002928        0x4 ./Middlewares/Third_Party/FreeRTOS/Source/portable/MemMang/heap_4.o
 .bss.xBlockAllocatedBit
                0x2000292c        0x4 ./Middlewares/Third_Party/FreeRTOS/Source/portable/MemMang/heap_4.o
 *(COMMON)
                0x20002930                        . = ALIGN (0x4)
                0x20002930                        _ebss = .
                0x20002930                        __bss_end__ = _ebss

._user_heap_stack
                0x20002930      0x600 load address 0x0801dc4c
                0x20002930                        . = ALIGN (0x8)
                [!provide]                        PROVIDE (end = .)
                0x20002930                        PROVIDE (_end = .)
                0x20002b30                        . = (. + _Min_Heap_Size)
 *fill*         0x20002930      0x200 
                0x20002f30                        . = (. + _Min_Stack_Size)
 *fill*         0x20002b30      0x400 
                0x20002f30                        . = ALIGN (0x8)

/DISCARD/
 libc.a(*)
 libm.a(*)
 libgcc.a(*)

.ARM.attributes
                0x00000000       0x30
 *(.ARM.attributes)
 .ARM.attributes
                0x00000000       0x22 E:/ST/STM32CubeIDE_1.14.1/STM32CubeIDE/plugins/com.st.stm32cube.ide.mcu.externaltools.gnu-tools-for-stm32.12.3.rel1.win32_1.0.100.202403111256/tools/bin/../lib/gcc/arm-none-eabi/12.3.1/thumb/v7e-m+fp/hard/crti.o
 .ARM.attributes
                0x00000022       0x34 E:/ST/STM32CubeIDE_1.14.1/STM32CubeIDE/plugins/com.st.stm32cube.ide.mcu.externaltools.gnu-tools-for-stm32.12.3.rel1.win32_1.0.100.202403111256/tools/bin/../lib/gcc/arm-none-eabi/12.3.1/thumb/v7e-m+fp/hard/crtbegin.o
 .ARM.attributes
                0x00000056       0x34 ./Core/Src/dma.o
 .ARM.attributes
                0x0000008a       0x34 ./Core/Src/freertos.o
 .ARM.attributes
                0x000000be       0x34 ./Core/Src/gpio.o
 .ARM.attributes
                0x000000f2       0x34 ./Core/Src/i2c.o
 .ARM.attributes
                0x00000126       0x34 ./Core/Src/main.o
 .ARM.attributes
                0x0000015a       0x34 ./Core/Src/spi.o
 .ARM.attributes
                0x0000018e       0x34 ./Core/Src/stm32l4xx_it.o
 .ARM.attributes
                0x000001c2       0x34 ./Core/Src/system_stm32l4xx.o
 .ARM.attributes
                0x000001f6       0x34 ./Core/Src/test_tof.o
 .ARM.attributes
                0x0000022a       0x34 ./Core/Src/usart.o
 .ARM.attributes
                0x0000025e       0x21 ./Core/Startup/startup_stm32l431cctx.o
 .ARM.attributes
                0x0000027f       0x34 ./Drivers/Athena_deck_HAL/src/i2c_drv.o
 .ARM.attributes
                0x000002b3       0x34 ./Drivers/BSP/Components/TCA6408A/src/tca6408a.o
 .ARM.attributes
                0x000002e7       0x34 ./Drivers/BSP/Components/VL53L5CX_ULD_API/src/platform.o
 .ARM.attributes
                0x0000031b       0x34 ./Drivers/BSP/Components/VL53L5CX_ULD_API/src/vl53l5cx_api.o
 .ARM.attributes
                0x0000034f       0x34 ./Drivers/STM32L4xx_HAL_Driver/Src/stm32l4xx_ll_gpio.o
 .ARM.attributes
                0x00000383       0x34 ./Drivers/STM32L4xx_HAL_Driver/Src/stm32l4xx_ll_i2c.o
 .ARM.attributes
                0x000003b7       0x34 ./Drivers/STM32L4xx_HAL_Driver/Src/stm32l4xx_ll_rcc.o
 .ARM.attributes
                0x000003eb       0x34 ./Drivers/STM32L4xx_HAL_Driver/Src/stm32l4xx_ll_spi.o
 .ARM.attributes
                0x0000041f       0x34 ./Drivers/STM32L4xx_HAL_Driver/Src/stm32l4xx_ll_usart.o
 .ARM.attributes
                0x00000453       0x34 ./Drivers/STM32L4xx_HAL_Driver/Src/stm32l4xx_ll_utils.o
 .ARM.attributes
                0x00000487       0x34 ./Middlewares/Third_Party/FreeRTOS/Source/CMSIS_RTOS_V2/cmsis_os2.o
 .ARM.attributes
                0x000004bb       0x34 ./Middlewares/Third_Party/FreeRTOS/Source/list.o
 .ARM.attributes
                0x000004ef       0x34 ./Middlewares/Third_Party/FreeRTOS/Source/queue.o
 .ARM.attributes
                0x00000523       0x34 ./Middlewares/Third_Party/FreeRTOS/Source/tasks.o
 .ARM.attributes
                0x00000557       0x34 ./Middlewares/Third_Party/FreeRTOS/Source/timers.o
 .ARM.attributes
                0x0000058b       0x34 ./Middlewares/Third_Party/FreeRTOS/Source/portable/GCC/ARM_CM4F/port.o
 .ARM.attributes
                0x000005bf       0x34 ./Middlewares/Third_Party/FreeRTOS/Source/portable/MemMang/heap_4.o
 .ARM.attributes
                0x000005f3       0x34 E:/ST/STM32CubeIDE_1.14.1/STM32CubeIDE/plugins/com.st.stm32cube.ide.mcu.externaltools.gnu-tools-for-stm32.12.3.rel1.win32_1.0.100.202403111256/tools/bin/../lib/gcc/arm-none-eabi/12.3.1/../../../../arm-none-eabi/lib/thumb/v7e-m+fp/hard\libc_nano.a(libc_a-memset.o)
 .ARM.attributes
                0x00000627       0x34 E:/ST/STM32CubeIDE_1.14.1/STM32CubeIDE/plugins/com.st.stm32cube.ide.mcu.externaltools.gnu-tools-for-stm32.12.3.rel1.win32_1.0.100.202403111256/tools/bin/../lib/gcc/arm-none-eabi/12.3.1/../../../../arm-none-eabi/lib/thumb/v7e-m+fp/hard\libc_nano.a(libc_a-init.o)
 .ARM.attributes
                0x0000065b       0x34 E:/ST/STM32CubeIDE_1.14.1/STM32CubeIDE/plugins/com.st.stm32cube.ide.mcu.externaltools.gnu-tools-for-stm32.12.3.rel1.win32_1.0.100.202403111256/tools/bin/../lib/gcc/arm-none-eabi/12.3.1/../../../../arm-none-eabi/lib/thumb/v7e-m+fp/hard\libc_nano.a(libc_a-memcpy-stub.o)
 .ARM.attributes
                0x0000068f       0x22 E:/ST/STM32CubeIDE_1.14.1/STM32CubeIDE/plugins/com.st.stm32cube.ide.mcu.externaltools.gnu-tools-for-stm32.12.3.rel1.win32_1.0.100.202403111256/tools/bin/../lib/gcc/arm-none-eabi/12.3.1/thumb/v7e-m+fp/hard/crtn.o
OUTPUT(ATHENA_TEST.elf elf32-littlearm)
LOAD linker stubs
LOAD E:/ST/STM32CubeIDE_1.14.1/STM32CubeIDE/plugins/com.st.stm32cube.ide.mcu.externaltools.gnu-tools-for-stm32.12.3.rel1.win32_1.0.100.202403111256/tools/bin/../lib/gcc/arm-none-eabi/12.3.1/../../../../arm-none-eabi/lib/thumb/v7e-m+fp/hard\libc.a
LOAD E:/ST/STM32CubeIDE_1.14.1/STM32CubeIDE/plugins/com.st.stm32cube.ide.mcu.externaltools.gnu-tools-for-stm32.12.3.rel1.win32_1.0.100.202403111256/tools/bin/../lib/gcc/arm-none-eabi/12.3.1/../../../../arm-none-eabi/lib/thumb/v7e-m+fp/hard\libm.a
LOAD E:/ST/STM32CubeIDE_1.14.1/STM32CubeIDE/plugins/com.st.stm32cube.ide.mcu.externaltools.gnu-tools-for-stm32.12.3.rel1.win32_1.0.100.202403111256/tools/bin/../lib/gcc/arm-none-eabi/12.3.1/thumb/v7e-m+fp/hard\libgcc.a

.debug_info     0x00000000    0x157c9
 .debug_info    0x00000000      0x90c ./Core/Src/dma.o
 .debug_info    0x0000090c      0x842 ./Core/Src/freertos.o
 .debug_info    0x0000114e      0x4c5 ./Core/Src/gpio.o
 .debug_info    0x00001613     0x1111 ./Core/Src/i2c.o
 .debug_info    0x00002724      0xe9b ./Core/Src/main.o
 .debug_info    0x000035bf     0x109b ./Core/Src/spi.o
 .debug_info    0x0000465a      0x21d ./Core/Src/stm32l4xx_it.o
 .debug_info    0x00004877      0x5b8 ./Core/Src/system_stm32l4xx.o
 .debug_info    0x00004e2f      0x528 ./Core/Src/test_tof.o
 .debug_info    0x00005357     0x1161 ./Core/Src/usart.o
 .debug_info    0x000064b8       0x30 ./Core/Startup/startup_stm32l431cctx.o
 .debug_info    0x000064e8      0xbcc ./Drivers/Athena_deck_HAL/src/i2c_drv.o
 .debug_info    0x000070b4      0x318 ./Drivers/BSP/Components/TCA6408A/src/tca6408a.o
 .debug_info    0x000073cc      0x4d4 ./Drivers/BSP/Components/VL53L5CX_ULD_API/src/platform.o
 .debug_info    0x000078a0     0x11ff ./Drivers/BSP/Components/VL53L5CX_ULD_API/src/vl53l5cx_api.o
 .debug_info    0x00008a9f      0x953 ./Drivers/STM32L4xx_HAL_Driver/Src/stm32l4xx_ll_gpio.o
 .debug_info    0x000093f2      0x669 ./Drivers/STM32L4xx_HAL_Driver/Src/stm32l4xx_ll_i2c.o
 .debug_info    0x00009a5b      0xc4a ./Drivers/STM32L4xx_HAL_Driver/Src/stm32l4xx_ll_rcc.o
 .debug_info    0x0000a6a5      0x580 ./Drivers/STM32L4xx_HAL_Driver/Src/stm32l4xx_ll_spi.o
 .debug_info    0x0000ac25      0x787 ./Drivers/STM32L4xx_HAL_Driver/Src/stm32l4xx_ll_usart.o
 .debug_info    0x0000b3ac      0xbf1 ./Drivers/STM32L4xx_HAL_Driver/Src/stm32l4xx_ll_utils.o
 .debug_info    0x0000bf9d     0x39f0 ./Middlewares/Third_Party/FreeRTOS/Source/CMSIS_RTOS_V2/cmsis_os2.o
 .debug_info    0x0000f98d      0x2af ./Middlewares/Third_Party/FreeRTOS/Source/list.o
 .debug_info    0x0000fc3c     0x1b79 ./Middlewares/Third_Party/FreeRTOS/Source/queue.o
 .debug_info    0x000117b5     0x21d9 ./Middlewares/Third_Party/FreeRTOS/Source/tasks.o
 .debug_info    0x0001398e     0x1488 ./Middlewares/Third_Party/FreeRTOS/Source/timers.o
 .debug_info    0x00014e16      0x4de ./Middlewares/Third_Party/FreeRTOS/Source/portable/GCC/ARM_CM4F/port.o
 .debug_info    0x000152f4      0x4d5 ./Middlewares/Third_Party/FreeRTOS/Source/portable/MemMang/heap_4.o

.debug_abbrev   0x00000000     0x3b72
 .debug_abbrev  0x00000000      0x196 ./Core/Src/dma.o
 .debug_abbrev  0x00000196      0x251 ./Core/Src/freertos.o
 .debug_abbrev  0x000003e7      0x19b ./Core/Src/gpio.o
 .debug_abbrev  0x00000582      0x284 ./Core/Src/i2c.o
 .debug_abbrev  0x00000806      0x25a ./Core/Src/main.o
 .debug_abbrev  0x00000a60      0x276 ./Core/Src/spi.o
 .debug_abbrev  0x00000cd6       0xdc ./Core/Src/stm32l4xx_it.o
 .debug_abbrev  0x00000db2      0x11a ./Core/Src/system_stm32l4xx.o
 .debug_abbrev  0x00000ecc      0x16a ./Core/Src/test_tof.o
 .debug_abbrev  0x00001036      0x274 ./Core/Src/usart.o
 .debug_abbrev  0x000012aa       0x24 ./Core/Startup/startup_stm32l431cctx.o
 .debug_abbrev  0x000012ce      0x28b ./Drivers/Athena_deck_HAL/src/i2c_drv.o
 .debug_abbrev  0x00001559      0x145 ./Drivers/BSP/Components/TCA6408A/src/tca6408a.o
 .debug_abbrev  0x0000169e      0x1b9 ./Drivers/BSP/Components/VL53L5CX_ULD_API/src/platform.o
 .debug_abbrev  0x00001857      0x29e ./Drivers/BSP/Components/VL53L5CX_ULD_API/src/vl53l5cx_api.o
 .debug_abbrev  0x00001af5      0x234 ./Drivers/STM32L4xx_HAL_Driver/Src/stm32l4xx_ll_gpio.o
 .debug_abbrev  0x00001d29      0x177 ./Drivers/STM32L4xx_HAL_Driver/Src/stm32l4xx_ll_i2c.o
 .debug_abbrev  0x00001ea0      0x221 ./Drivers/STM32L4xx_HAL_Driver/Src/stm32l4xx_ll_rcc.o
 .debug_abbrev  0x000020c1      0x185 ./Drivers/STM32L4xx_HAL_Driver/Src/stm32l4xx_ll_spi.o
 .debug_abbrev  0x00002246      0x1c9 ./Drivers/STM32L4xx_HAL_Driver/Src/stm32l4xx_ll_usart.o
 .debug_abbrev  0x0000240f      0x25d ./Drivers/STM32L4xx_HAL_Driver/Src/stm32l4xx_ll_utils.o
 .debug_abbrev  0x0000266c      0x508 ./Middlewares/Third_Party/FreeRTOS/Source/CMSIS_RTOS_V2/cmsis_os2.o
 .debug_abbrev  0x00002b74       0xf5 ./Middlewares/Third_Party/FreeRTOS/Source/list.o
 .debug_abbrev  0x00002c69      0x3b6 ./Middlewares/Third_Party/FreeRTOS/Source/queue.o
 .debug_abbrev  0x0000301f      0x388 ./Middlewares/Third_Party/FreeRTOS/Source/tasks.o
 .debug_abbrev  0x000033a7      0x352 ./Middlewares/Third_Party/FreeRTOS/Source/timers.o
 .debug_abbrev  0x000036f9      0x25c ./Middlewares/Third_Party/FreeRTOS/Source/portable/GCC/ARM_CM4F/port.o
 .debug_abbrev  0x00003955      0x21d ./Middlewares/Third_Party/FreeRTOS/Source/portable/MemMang/heap_4.o

.debug_aranges  0x00000000     0x14e0
 .debug_aranges
                0x00000000       0x48 ./Core/Src/dma.o
 .debug_aranges
                0x00000048       0x38 ./Core/Src/freertos.o
 .debug_aranges
                0x00000080       0x38 ./Core/Src/gpio.o
 .debug_aranges
                0x000000b8       0xc0 ./Core/Src/i2c.o
 .debug_aranges
                0x00000178       0xd8 ./Core/Src/main.o
 .debug_aranges
                0x00000250       0xb0 ./Core/Src/spi.o
 .debug_aranges
                0x00000300       0xb0 ./Core/Src/stm32l4xx_it.o
 .debug_aranges
                0x000003b0       0x28 ./Core/Src/system_stm32l4xx.o
 .debug_aranges
                0x000003d8       0x30 ./Core/Src/test_tof.o
 .debug_aranges
                0x00000408       0xc0 ./Core/Src/usart.o
 .debug_aranges
                0x000004c8       0x28 ./Core/Startup/startup_stm32l431cctx.o
 .debug_aranges
                0x000004f0       0xf8 ./Drivers/Athena_deck_HAL/src/i2c_drv.o
 .debug_aranges
                0x000005e8       0x48 ./Drivers/BSP/Components/TCA6408A/src/tca6408a.o
 .debug_aranges
                0x00000630       0x50 ./Drivers/BSP/Components/VL53L5CX_ULD_API/src/platform.o
 .debug_aranges
                0x00000680      0x118 ./Drivers/BSP/Components/VL53L5CX_ULD_API/src/vl53l5cx_api.o
 .debug_aranges
                0x00000798       0x70 ./Drivers/STM32L4xx_HAL_Driver/Src/stm32l4xx_ll_gpio.o
 .debug_aranges
                0x00000808       0x88 ./Drivers/STM32L4xx_HAL_Driver/Src/stm32l4xx_ll_i2c.o
 .debug_aranges
                0x00000890      0x220 ./Drivers/STM32L4xx_HAL_Driver/Src/stm32l4xx_ll_rcc.o
 .debug_aranges
                0x00000ab0       0x68 ./Drivers/STM32L4xx_HAL_Driver/Src/stm32l4xx_ll_spi.o
 .debug_aranges
                0x00000b18       0x88 ./Drivers/STM32L4xx_HAL_Driver/Src/stm32l4xx_ll_usart.o
 .debug_aranges
                0x00000ba0      0x130 ./Drivers/STM32L4xx_HAL_Driver/Src/stm32l4xx_ll_utils.o
 .debug_aranges
                0x00000cd0      0x2a8 ./Middlewares/Third_Party/FreeRTOS/Source/CMSIS_RTOS_V2/cmsis_os2.o
 .debug_aranges
                0x00000f78       0x40 ./Middlewares/Third_Party/FreeRTOS/Source/list.o
 .debug_aranges
                0x00000fb8      0x158 ./Middlewares/Third_Party/FreeRTOS/Source/queue.o
 .debug_aranges
                0x00001110      0x208 ./Middlewares/Third_Party/FreeRTOS/Source/tasks.o
 .debug_aranges
                0x00001318       0xf0 ./Middlewares/Third_Party/FreeRTOS/Source/timers.o
 .debug_aranges
                0x00001408       0x80 ./Middlewares/Third_Party/FreeRTOS/Source/portable/GCC/ARM_CM4F/port.o
 .debug_aranges
                0x00001488       0x58 ./Middlewares/Third_Party/FreeRTOS/Source/portable/MemMang/heap_4.o

.debug_rnglists
                0x00000000      0xfa6
 .debug_rnglists
                0x00000000       0x32 ./Core/Src/dma.o
 .debug_rnglists
                0x00000032       0x25 ./Core/Src/freertos.o
 .debug_rnglists
                0x00000057       0x26 ./Core/Src/gpio.o
 .debug_rnglists
                0x0000007d       0x8c ./Core/Src/i2c.o
 .debug_rnglists
                0x00000109       0x9f ./Core/Src/main.o
 .debug_rnglists
                0x000001a8       0x81 ./Core/Src/spi.o
 .debug_rnglists
                0x00000229       0x7f ./Core/Src/stm32l4xx_it.o
 .debug_rnglists
                0x000002a8       0x1a ./Core/Src/system_stm32l4xx.o
 .debug_rnglists
                0x000002c2       0x21 ./Core/Src/test_tof.o
 .debug_rnglists
                0x000002e3       0x8e ./Core/Src/usart.o
 .debug_rnglists
                0x00000371       0x19 ./Core/Startup/startup_stm32l431cctx.o
 .debug_rnglists
                0x0000038a       0xbd ./Drivers/Athena_deck_HAL/src/i2c_drv.o
 .debug_rnglists
                0x00000447       0x32 ./Drivers/BSP/Components/TCA6408A/src/tca6408a.o
 .debug_rnglists
                0x00000479       0x37 ./Drivers/BSP/Components/VL53L5CX_ULD_API/src/platform.o
 .debug_rnglists
                0x000004b0       0xdd ./Drivers/BSP/Components/VL53L5CX_ULD_API/src/vl53l5cx_api.o
 .debug_rnglists
                0x0000058d       0x51 ./Drivers/STM32L4xx_HAL_Driver/Src/stm32l4xx_ll_gpio.o
 .debug_rnglists
                0x000005de       0x61 ./Drivers/STM32L4xx_HAL_Driver/Src/stm32l4xx_ll_i2c.o
 .debug_rnglists
                0x0000063f      0x1a2 ./Drivers/STM32L4xx_HAL_Driver/Src/stm32l4xx_ll_rcc.o
 .debug_rnglists
                0x000007e1       0x4a ./Drivers/STM32L4xx_HAL_Driver/Src/stm32l4xx_ll_spi.o
 .debug_rnglists
                0x0000082b       0x62 ./Drivers/STM32L4xx_HAL_Driver/Src/stm32l4xx_ll_usart.o
 .debug_rnglists
                0x0000088d       0xe2 ./Drivers/STM32L4xx_HAL_Driver/Src/stm32l4xx_ll_utils.o
 .debug_rnglists
                0x0000096f      0x20c ./Middlewares/Third_Party/FreeRTOS/Source/CMSIS_RTOS_V2/cmsis_os2.o
 .debug_rnglists
                0x00000b7b       0x2b ./Middlewares/Third_Party/FreeRTOS/Source/list.o
 .debug_rnglists
                0x00000ba6      0x109 ./Middlewares/Third_Party/FreeRTOS/Source/queue.o
 .debug_rnglists
                0x00000caf      0x1a0 ./Middlewares/Third_Party/FreeRTOS/Source/tasks.o
 .debug_rnglists
                0x00000e4f       0xb8 ./Middlewares/Third_Party/FreeRTOS/Source/timers.o
 .debug_rnglists
                0x00000f07       0x5d ./Middlewares/Third_Party/FreeRTOS/Source/portable/GCC/ARM_CM4F/port.o
 .debug_rnglists
                0x00000f64       0x42 ./Middlewares/Third_Party/FreeRTOS/Source/portable/MemMang/heap_4.o

.debug_macro    0x00000000    0x1f403
 .debug_macro   0x00000000      0x162 ./Core/Src/dma.o
 .debug_macro   0x00000162      0xafc ./Core/Src/dma.o
 .debug_macro   0x00000c5e       0x2e ./Core/Src/dma.o
 .debug_macro   0x00000c8c       0x28 ./Core/Src/dma.o
 .debug_macro   0x00000cb4       0x22 ./Core/Src/dma.o
 .debug_macro   0x00000cd6       0x8e ./Core/Src/dma.o
 .debug_macro   0x00000d64       0x51 ./Core/Src/dma.o
 .debug_macro   0x00000db5      0x103 ./Core/Src/dma.o
 .debug_macro   0x00000eb8       0x6a ./Core/Src/dma.o
 .debug_macro   0x00000f22      0x1df ./Core/Src/dma.o
 .debug_macro   0x00001101       0x1c ./Core/Src/dma.o
 .debug_macro   0x0000111d       0x22 ./Core/Src/dma.o
 .debug_macro   0x0000113f       0xfb ./Core/Src/dma.o
 .debug_macro   0x0000123a     0x1011 ./Core/Src/dma.o
 .debug_macro   0x0000224b      0x11f ./Core/Src/dma.o
 .debug_macro   0x0000236a    0x1511c ./Core/Src/dma.o
 .debug_macro   0x00017486       0x6d ./Core/Src/dma.o
 .debug_macro   0x000174f3      0x2c5 ./Core/Src/dma.o
 .debug_macro   0x000177b8      0x24d ./Core/Src/dma.o
 .debug_macro   0x00017a05       0xd0 ./Core/Src/dma.o
 .debug_macro   0x00017ad5      0x7af ./Core/Src/dma.o
 .debug_macro   0x00018284      0x167 ./Core/Src/dma.o
 .debug_macro   0x000183eb      0x242 ./Core/Src/dma.o
 .debug_macro   0x0001862d      0x140 ./Core/Src/dma.o
 .debug_macro   0x0001876d      0x1a6 ./Core/Src/dma.o
 .debug_macro   0x00018913       0xa7 ./Core/Src/dma.o
 .debug_macro   0x000189ba      0x1e0 ./Core/Src/dma.o
 .debug_macro   0x00018b9a      0x1d2 ./Core/Src/dma.o
 .debug_macro   0x00018d6c      0x30c ./Core/Src/dma.o
 .debug_macro   0x00019078      0x169 ./Core/Src/dma.o
 .debug_macro   0x000191e1       0x2e ./Core/Src/dma.o
 .debug_macro   0x0001920f      0x310 ./Core/Src/freertos.o
 .debug_macro   0x0001951f      0x189 ./Core/Src/freertos.o
 .debug_macro   0x000196a8      0x169 ./Core/Src/freertos.o
 .debug_macro   0x00019811      0x15a ./Core/Src/freertos.o
 .debug_macro   0x0001996b       0xc9 ./Core/Src/freertos.o
 .debug_macro   0x00019a34       0x1c ./Core/Src/freertos.o
 .debug_macro   0x00019a50       0x26 ./Core/Src/freertos.o
 .debug_macro   0x00019a76      0x4c5 ./Core/Src/freertos.o
 .debug_macro   0x00019f3b       0xb5 ./Core/Src/freertos.o
 .debug_macro   0x00019ff0       0xaa ./Core/Src/freertos.o
 .debug_macro   0x0001a09a       0x6c ./Core/Src/freertos.o
 .debug_macro   0x0001a106       0x74 ./Core/Src/freertos.o
 .debug_macro   0x0001a17a       0xdd ./Core/Src/freertos.o
 .debug_macro   0x0001a257       0x22 ./Core/Src/freertos.o
 .debug_macro   0x0001a279       0x82 ./Core/Src/freertos.o
 .debug_macro   0x0001a2fb       0x61 ./Core/Src/freertos.o
 .debug_macro   0x0001a35c       0x2a ./Core/Src/freertos.o
 .debug_macro   0x0001a386       0x43 ./Core/Src/freertos.o
 .debug_macro   0x0001a3c9       0x34 ./Core/Src/freertos.o
 .debug_macro   0x0001a3fd       0x16 ./Core/Src/freertos.o
 .debug_macro   0x0001a413       0x43 ./Core/Src/freertos.o
 .debug_macro   0x0001a456       0x34 ./Core/Src/freertos.o
 .debug_macro   0x0001a48a       0x10 ./Core/Src/freertos.o
 .debug_macro   0x0001a49a       0x58 ./Core/Src/freertos.o
 .debug_macro   0x0001a4f2       0x8e ./Core/Src/freertos.o
 .debug_macro   0x0001a580       0x1c ./Core/Src/freertos.o
 .debug_macro   0x0001a59c      0x177 ./Core/Src/freertos.o
 .debug_macro   0x0001a713      0x369 ./Core/Src/freertos.o
 .debug_macro   0x0001aa7c       0x10 ./Core/Src/freertos.o
 .debug_macro   0x0001aa8c       0x35 ./Core/Src/freertos.o
 .debug_macro   0x0001aac1       0x20 ./Core/Src/freertos.o
 .debug_macro   0x0001aae1      0x1f0 ./Core/Src/freertos.o
 .debug_macro   0x0001acd1      0x162 ./Core/Src/gpio.o
 .debug_macro   0x0001ae33      0x162 ./Core/Src/i2c.o
 .debug_macro   0x0001af95      0x223 ./Core/Src/main.o
 .debug_macro   0x0001b1b8      0x169 ./Core/Src/main.o
 .debug_macro   0x0001b321       0x66 ./Core/Src/main.o
 .debug_macro   0x0001b387      0x162 ./Core/Src/spi.o
 .debug_macro   0x0001b4e9      0x1cf ./Core/Src/stm32l4xx_it.o
 .debug_macro   0x0001b6b8       0xce ./Core/Src/system_stm32l4xx.o
 .debug_macro   0x0001b786      0x207 ./Core/Src/test_tof.o
 .debug_macro   0x0001b98d      0x247 ./Core/Src/test_tof.o
 .debug_macro   0x0001bbd4      0x162 ./Core/Src/usart.o
 .debug_macro   0x0001bd36      0x1d1 ./Drivers/Athena_deck_HAL/src/i2c_drv.o
 .debug_macro   0x0001bf07      0x2cb ./Drivers/Athena_deck_HAL/src/i2c_drv.o
 .debug_macro   0x0001c1d2       0x16 ./Drivers/Athena_deck_HAL/src/i2c_drv.o
 .debug_macro   0x0001c1e8       0x9e ./Drivers/Athena_deck_HAL/src/i2c_drv.o
 .debug_macro   0x0001c286      0x10b ./Drivers/Athena_deck_HAL/src/i2c_drv.o
 .debug_macro   0x0001c391       0x16 ./Drivers/Athena_deck_HAL/src/i2c_drv.o
 .debug_macro   0x0001c3a7      0x1c6 ./Drivers/BSP/Components/TCA6408A/src/tca6408a.o
 .debug_macro   0x0001c56d       0x88 ./Drivers/BSP/Components/TCA6408A/src/tca6408a.o
 .debug_macro   0x0001c5f5      0x25a ./Drivers/BSP/Components/VL53L5CX_ULD_API/src/platform.o
 .debug_macro   0x0001c84f      0x204 ./Drivers/BSP/Components/VL53L5CX_ULD_API/src/vl53l5cx_api.o
 .debug_macro   0x0001ca53      0x11c ./Drivers/BSP/Components/VL53L5CX_ULD_API/src/vl53l5cx_api.o
 .debug_macro   0x0001cb6f       0x94 ./Drivers/BSP/Components/VL53L5CX_ULD_API/src/vl53l5cx_api.o
 .debug_macro   0x0001cc03       0x16 ./Drivers/BSP/Components/VL53L5CX_ULD_API/src/vl53l5cx_api.o
 .debug_macro   0x0001cc19       0x10 ./Drivers/BSP/Components/VL53L5CX_ULD_API/src/vl53l5cx_api.o
 .debug_macro   0x0001cc29      0x110 ./Drivers/STM32L4xx_HAL_Driver/Src/stm32l4xx_ll_gpio.o
 .debug_macro   0x0001cd39      0x163 ./Drivers/STM32L4xx_HAL_Driver/Src/stm32l4xx_ll_gpio.o
 .debug_macro   0x0001ce9c      0x110 ./Drivers/STM32L4xx_HAL_Driver/Src/stm32l4xx_ll_i2c.o
 .debug_macro   0x0001cfac      0x119 ./Drivers/STM32L4xx_HAL_Driver/Src/stm32l4xx_ll_rcc.o
 .debug_macro   0x0001d0c5      0x7a9 ./Drivers/STM32L4xx_HAL_Driver/Src/stm32l4xx_ll_rcc.o
 .debug_macro   0x0001d86e      0x12e ./Drivers/STM32L4xx_HAL_Driver/Src/stm32l4xx_ll_spi.o
 .debug_macro   0x0001d99c      0x1cc ./Drivers/STM32L4xx_HAL_Driver/Src/stm32l4xx_ll_spi.o
 .debug_macro   0x0001db68      0x143 ./Drivers/STM32L4xx_HAL_Driver/Src/stm32l4xx_ll_usart.o
 .debug_macro   0x0001dcab      0x306 ./Drivers/STM32L4xx_HAL_Driver/Src/stm32l4xx_ll_usart.o
 .debug_macro   0x0001dfb1      0x19e ./Drivers/STM32L4xx_HAL_Driver/Src/stm32l4xx_ll_utils.o
 .debug_macro   0x0001e14f       0xa1 ./Drivers/STM32L4xx_HAL_Driver/Src/stm32l4xx_ll_utils.o
 .debug_macro   0x0001e1f0      0x2ca ./Middlewares/Third_Party/FreeRTOS/Source/CMSIS_RTOS_V2/cmsis_os2.o
 .debug_macro   0x0001e4ba       0x10 ./Middlewares/Third_Party/FreeRTOS/Source/CMSIS_RTOS_V2/cmsis_os2.o
 .debug_macro   0x0001e4ca       0xf5 ./Middlewares/Third_Party/FreeRTOS/Source/CMSIS_RTOS_V2/cmsis_os2.o
 .debug_macro   0x0001e5bf       0x91 ./Middlewares/Third_Party/FreeRTOS/Source/CMSIS_RTOS_V2/cmsis_os2.o
 .debug_macro   0x0001e650       0x8d ./Middlewares/Third_Party/FreeRTOS/Source/CMSIS_RTOS_V2/cmsis_os2.o
 .debug_macro   0x0001e6dd       0x9a ./Middlewares/Third_Party/FreeRTOS/Source/CMSIS_RTOS_V2/cmsis_os2.o
 .debug_macro   0x0001e777       0x22 ./Middlewares/Third_Party/FreeRTOS/Source/CMSIS_RTOS_V2/cmsis_os2.o
 .debug_macro   0x0001e799      0x187 ./Middlewares/Third_Party/FreeRTOS/Source/list.o
 .debug_macro   0x0001e920      0x216 ./Middlewares/Third_Party/FreeRTOS/Source/queue.o
 .debug_macro   0x0001eb36       0x87 ./Middlewares/Third_Party/FreeRTOS/Source/queue.o
 .debug_macro   0x0001ebbd      0x27f ./Middlewares/Third_Party/FreeRTOS/Source/tasks.o
 .debug_macro   0x0001ee3c       0x10 ./Middlewares/Third_Party/FreeRTOS/Source/tasks.o
 .debug_macro   0x0001ee4c      0x1dc ./Middlewares/Third_Party/FreeRTOS/Source/timers.o
 .debug_macro   0x0001f028       0x97 ./Middlewares/Third_Party/FreeRTOS/Source/timers.o
 .debug_macro   0x0001f0bf      0x196 ./Middlewares/Third_Party/FreeRTOS/Source/portable/GCC/ARM_CM4F/port.o
 .debug_macro   0x0001f255      0x1ae ./Middlewares/Third_Party/FreeRTOS/Source/portable/MemMang/heap_4.o

.debug_line     0x00000000    0x14cfe
 .debug_line    0x00000000      0x762 ./Core/Src/dma.o
 .debug_line    0x00000762      0xabc ./Core/Src/freertos.o
 .debug_line    0x0000121e      0x6e3 ./Core/Src/gpio.o
 .debug_line    0x00001901      0x978 ./Core/Src/i2c.o
 .debug_line    0x00002279      0xb8a ./Core/Src/main.o
 .debug_line    0x00002e03      0x97f ./Core/Src/spi.o
 .debug_line    0x00003782      0x8e8 ./Core/Src/stm32l4xx_it.o
 .debug_line    0x0000406a      0x593 ./Core/Src/system_stm32l4xx.o
 .debug_line    0x000045fd      0x903 ./Core/Src/test_tof.o
 .debug_line    0x00004f00      0x9e5 ./Core/Src/usart.o
 .debug_line    0x000058e5       0x7a ./Core/Startup/startup_stm32l431cctx.o
 .debug_line    0x0000595f      0xdb5 ./Drivers/Athena_deck_HAL/src/i2c_drv.o
 .debug_line    0x00006714      0x83d ./Drivers/BSP/Components/TCA6408A/src/tca6408a.o
 .debug_line    0x00006f51      0xa29 ./Drivers/BSP/Components/VL53L5CX_ULD_API/src/platform.o
 .debug_line    0x0000797a     0x17d9 ./Drivers/BSP/Components/VL53L5CX_ULD_API/src/vl53l5cx_api.o
 .debug_line    0x00009153      0x83d ./Drivers/STM32L4xx_HAL_Driver/Src/stm32l4xx_ll_gpio.o
 .debug_line    0x00009990      0x6fa ./Drivers/STM32L4xx_HAL_Driver/Src/stm32l4xx_ll_i2c.o
 .debug_line    0x0000a08a     0x14bc ./Drivers/STM32L4xx_HAL_Driver/Src/stm32l4xx_ll_rcc.o
 .debug_line    0x0000b546      0x6a1 ./Drivers/STM32L4xx_HAL_Driver/Src/stm32l4xx_ll_spi.o
 .debug_line    0x0000bbe7      0x784 ./Drivers/STM32L4xx_HAL_Driver/Src/stm32l4xx_ll_usart.o
 .debug_line    0x0000c36b      0xb77 ./Drivers/STM32L4xx_HAL_Driver/Src/stm32l4xx_ll_utils.o
 .debug_line    0x0000cee2     0x213f ./Middlewares/Third_Party/FreeRTOS/Source/CMSIS_RTOS_V2/cmsis_os2.o
 .debug_line    0x0000f021      0x796 ./Middlewares/Third_Party/FreeRTOS/Source/list.o
 .debug_line    0x0000f7b7     0x1760 ./Middlewares/Third_Party/FreeRTOS/Source/queue.o
 .debug_line    0x00010f17     0x1dcf ./Middlewares/Third_Party/FreeRTOS/Source/tasks.o
 .debug_line    0x00012ce6      0xe1e ./Middlewares/Third_Party/FreeRTOS/Source/timers.o
 .debug_line    0x00013b04      0x839 ./Middlewares/Third_Party/FreeRTOS/Source/portable/GCC/ARM_CM4F/port.o
 .debug_line    0x0001433d      0x9c1 ./Middlewares/Third_Party/FreeRTOS/Source/portable/MemMang/heap_4.o

.debug_str      0x00000000    0xa0e1c
 .debug_str     0x00000000    0x8ca35 ./Core/Src/dma.o
                              0x8cc6d (size before relaxing)
 .debug_str     0x0008ca35     0x9760 ./Core/Src/freertos.o
                              0x95df3 (size before relaxing)
 .debug_str     0x00096195       0xc6 ./Core/Src/gpio.o
                              0x8c7f6 (size before relaxing)
 .debug_str     0x0009625b      0x31d ./Core/Src/i2c.o
                              0x8d065 (size before relaxing)
 .debug_str     0x00096578      0x31c ./Core/Src/main.o
                              0x91d02 (size before relaxing)
 .debug_str     0x00096894       0xd4 ./Core/Src/spi.o
                              0x8cff4 (size before relaxing)
 .debug_str     0x00096968      0x1cf ./Core/Src/stm32l4xx_it.o
                              0x9084f (size before relaxing)
 .debug_str     0x00096b37       0x8e ./Core/Src/system_stm32l4xx.o
                              0x7f311 (size before relaxing)
 .debug_str     0x00096bc5      0x1ee ./Core/Src/test_tof.o
                              0x84b47 (size before relaxing)
 .debug_str     0x00096db3       0xe9 ./Core/Src/usart.o
                              0x8d042 (size before relaxing)
 .debug_str     0x00096e9c       0x44 ./Core/Startup/startup_stm32l431cctx.o
                                 0x70 (size before relaxing)
 .debug_str     0x00096ee0      0x960 ./Drivers/Athena_deck_HAL/src/i2c_drv.o
                              0x8586d (size before relaxing)
 .debug_str     0x00097840       0xe4 ./Drivers/BSP/Components/TCA6408A/src/tca6408a.o
                              0x83a8e (size before relaxing)
 .debug_str     0x00097924       0xe4 ./Drivers/BSP/Components/VL53L5CX_ULD_API/src/platform.o
                              0x880eb (size before relaxing)
 .debug_str     0x00097a08      0x633 ./Drivers/BSP/Components/VL53L5CX_ULD_API/src/vl53l5cx_api.o
                              0x84d7f (size before relaxing)
 .debug_str     0x0009803b      0x668 ./Drivers/STM32L4xx_HAL_Driver/Src/stm32l4xx_ll_gpio.o
                              0x80a7b (size before relaxing)
 .debug_str     0x000986a3      0x3ef ./Drivers/STM32L4xx_HAL_Driver/Src/stm32l4xx_ll_i2c.o
                              0x80fd9 (size before relaxing)
 .debug_str     0x00098a92      0xb43 ./Drivers/STM32L4xx_HAL_Driver/Src/stm32l4xx_ll_rcc.o
                              0x8455d (size before relaxing)
 .debug_str     0x000995d5      0x965 ./Drivers/STM32L4xx_HAL_Driver/Src/stm32l4xx_ll_spi.o
                              0x81148 (size before relaxing)
 .debug_str     0x00099f3a      0x806 ./Drivers/STM32L4xx_HAL_Driver/Src/stm32l4xx_ll_usart.o
                              0x85d6e (size before relaxing)
 .debug_str     0x0009a740      0xcc5 ./Drivers/STM32L4xx_HAL_Driver/Src/stm32l4xx_ll_utils.o
                              0x86744 (size before relaxing)
 .debug_str     0x0009b405     0x2fa8 ./Middlewares/Third_Party/FreeRTOS/Source/CMSIS_RTOS_V2/cmsis_os2.o
                              0x8a138 (size before relaxing)
 .debug_str     0x0009e3ad      0x12d ./Middlewares/Third_Party/FreeRTOS/Source/list.o
                               0xabd3 (size before relaxing)
 .debug_str     0x0009e4da      0x889 ./Middlewares/Third_Party/FreeRTOS/Source/queue.o
                               0xc713 (size before relaxing)
 .debug_str     0x0009ed63     0x1063 ./Middlewares/Third_Party/FreeRTOS/Source/tasks.o
                               0xd1d0 (size before relaxing)
 .debug_str     0x0009fdc6      0x5af ./Middlewares/Third_Party/FreeRTOS/Source/timers.o
                               0xcc45 (size before relaxing)