../Core/Src/stm32l4xx_it.c:71:6:NMI_Handler	4	static
../Core/Src/stm32l4xx_it.c:86:6:HardFault_Handler	4	static
../Core/Src/stm32l4xx_it.c:101:6:MemManage_Handler	4	static
../Core/Src/stm32l4xx_it.c:116:6:BusFault_Handler	4	static
../Core/Src/stm32l4xx_it.c:131:6:UsageFault_Handler	4	static
../Core/Src/stm32l4xx_it.c:146:6:DebugMon_Handler	4	static
../Core/Src/stm32l4xx_it.c:159:6:SysTick_Handler	8	static
../Core/Src/stm32l4xx_it.c:187:6:DMA1_Channel4_IRQHandler	4	static
../Core/Src/stm32l4xx_it.c:201:6:DMA1_Channel5_IRQHandler	4	static
../Core/Src/stm32l4xx_it.c:215:6:DMA1_Channel6_IRQHandler	4	static
../Core/Src/stm32l4xx_it.c:229:6:DMA1_Channel7_IRQHandler	4	static
../Core/Src/stm32l4xx_it.c:243:6:I2C1_EV_IRQHandler	4	static
../Core/Src/stm32l4xx_it.c:257:6:I2C1_ER_IRQHandler	4	static
../Core/Src/stm32l4xx_it.c:271:6:SPI2_IRQHandler	4	static
../Core/Src/stm32l4xx_it.c:284:6:USART1_IRQHandler	4	static
../Core/Src/stm32l4xx_it.c:297:6:USART2_IRQHandler	4	static
../Core/Src/stm32l4xx_it.c:310:6:USART3_IRQHandler	4	static
../Core/Src/stm32l4xx_it.c:323:6:DMA2_Channel6_IRQHandler	4	static
../Core/Src/stm32l4xx_it.c:337:6:DMA2_Channel7_IRQHandler	4	static
